src/isa/x64/abi.rs:9:5: warning: unused import: `crate::machinst::abi::*`
src/isa/x64/lower.rs:13:5: warning: unused import: `crate::machinst::lower::*`
src/machinst/vcode.rs:1719:1: warning: use of deprecated constant `core::u32::MAX`: replaced by the `MAX` associated constant on this type
src/machinst/abi.rs:636:1: warning: use of deprecated constant `core::u32::MAX`: replaced by the `MAX` associated constant on this type
src/machinst/buffer.rs:388:1: warning: use of deprecated constant `core::u32::MAX`: replaced by the `MAX` associated constant on this type
src/ir/mod.rs:82:1: warning: use of deprecated constant `core::u32::MAX`: replaced by the `MAX` associated constant on this type
src/ir/dfg.rs:21:11: warning: use of deprecated module `core::u16`: all constants in this module replaced by associated constants on the type
src/ir/dfg.rs:1233:35: warning: use of deprecated constant `core::u16::MAX`: replaced by the `MAX` associated constant on this type
src/ir/dfg.rs:1317:35: warning: use of deprecated constant `core::u16::MAX`: replaced by the `MAX` associated constant on this type
src/ir/dfg.rs:1508:29: warning: use of deprecated constant `core::u16::MAX`: replaced by the `MAX` associated constant on this type
src/ir/entities.rs:24:11: warning: use of deprecated module `core::u32`: all constants in this module replaced by associated constants on the type
src/ir/entities.rs:38:1: warning: use of deprecated constant `core::u32::MAX`: replaced by the `MAX` associated constant on this type
src/ir/entities.rs:45:21: warning: use of deprecated constant `core::u32::MAX`: replaced by the `MAX` associated constant on this type
src/ir/entities.rs:72:1: warning: use of deprecated constant `core::u32::MAX`: replaced by the `MAX` associated constant on this type
src/ir/entities.rs:80:21: warning: use of deprecated constant `core::u32::MAX`: replaced by the `MAX` associated constant on this type
src/ir/entities.rs:103:1: warning: use of deprecated constant `core::u32::MAX`: replaced by the `MAX` associated constant on this type
src/ir/entities.rs:124:1: warning: use of deprecated constant `core::u32::MAX`: replaced by the `MAX` associated constant on this type
src/ir/entities.rs:131:21: warning: use of deprecated constant `core::u32::MAX`: replaced by the `MAX` associated constant on this type
src/ir/entities.rs:143:1: warning: use of deprecated constant `core::u32::MAX`: replaced by the `MAX` associated constant on this type
src/ir/entities.rs:150:21: warning: use of deprecated constant `core::u32::MAX`: replaced by the `MAX` associated constant on this type
src/ir/entities.rs:162:1: warning: use of deprecated constant `core::u32::MAX`: replaced by the `MAX` associated constant on this type
src/ir/entities.rs:169:21: warning: use of deprecated constant `core::u32::MAX`: replaced by the `MAX` associated constant on this type
src/ir/entities.rs:196:1: warning: use of deprecated constant `core::u32::MAX`: replaced by the `MAX` associated constant on this type
src/ir/entities.rs:203:21: warning: use of deprecated constant `core::u32::MAX`: replaced by the `MAX` associated constant on this type
src/ir/entities.rs:219:1: warning: use of deprecated constant `core::u32::MAX`: replaced by the `MAX` associated constant on this type
src/ir/entities.rs:226:21: warning: use of deprecated constant `core::u32::MAX`: replaced by the `MAX` associated constant on this type
src/ir/entities.rs:245:1: warning: use of deprecated constant `core::u32::MAX`: replaced by the `MAX` associated constant on this type
src/ir/entities.rs:252:21: warning: use of deprecated constant `core::u32::MAX`: replaced by the `MAX` associated constant on this type
src/ir/entities.rs:271:1: warning: use of deprecated constant `core::u32::MAX`: replaced by the `MAX` associated constant on this type
src/ir/entities.rs:278:21: warning: use of deprecated constant `core::u32::MAX`: replaced by the `MAX` associated constant on this type
src/ir/entities.rs:301:1: warning: use of deprecated constant `core::u32::MAX`: replaced by the `MAX` associated constant on this type
src/ir/entities.rs:308:21: warning: use of deprecated constant `core::u32::MAX`: replaced by the `MAX` associated constant on this type
src/ir/entities.rs:334:1: warning: use of deprecated constant `core::u32::MAX`: replaced by the `MAX` associated constant on this type
src/ir/entities.rs:341:21: warning: use of deprecated constant `core::u32::MAX`: replaced by the `MAX` associated constant on this type
src/ir/entities.rs:353:1: warning: use of deprecated constant `core::u32::MAX`: replaced by the `MAX` associated constant on this type
src/ir/entities.rs:372:1: warning: use of deprecated constant `core::u32::MAX`: replaced by the `MAX` associated constant on this type
src/ir/entities.rs:379:21: warning: use of deprecated constant `core::u32::MAX`: replaced by the `MAX` associated constant on this type
src/ir/immediates.rs:12:12: warning: use of deprecated module `core::i32`: all constants in this module replaced by associated constants on the type
src/ir/immediates.rs:12:17: warning: use of deprecated module `core::u32`: all constants in this module replaced by associated constants on the type
src/ir/immediates.rs:373:46: warning: use of deprecated constant `core::u32::MAX`: replaced by the `MAX` associated constant on this type
src/ir/immediates.rs:501:31: warning: use of deprecated constant `core::i32::MIN`: replaced by the `MIN` associated constant on this type
src/ir/immediates.rs:501:64: warning: use of deprecated constant `core::i32::MAX`: replaced by the `MAX` associated constant on this type
src/ir/immediates.rs:552:58: warning: use of deprecated constant `core::u32::MAX`: replaced by the `MAX` associated constant on this type
src/isa/unwind/winx64.rs:96:54: warning: use of deprecated constant `core::u16::MAX`: replaced by the `MAX` associated constant on this type
src/isa/unwind/winx64.rs:145:48: warning: use of deprecated constant `core::u16::MAX`: replaced by the `MAX` associated constant on this type
src/loop_analysis.rs:18:1: warning: use of deprecated constant `core::u32::MAX`: replaced by the `MAX` associated constant on this type
src/isa/x64/inst/emit.rs:3986:30: warning: use of deprecated associated function `core::num::<impl u64>::max_value`: replaced by the `MAX` associated constant on this type
src/isa/x64/inst/emit.rs:3988:30: warning: use of deprecated associated function `core::num::<impl u32>::max_value`: replaced by the `MAX` associated constant on this type
src/isa/x64/inst/mod.rs:310:50: warning: use of deprecated associated function `core::num::<impl u32>::max_value`: replaced by the `MAX` associated constant on this type
src/dominator_tree.rs:566:21: warning: hiding a lifetime that's elided elsewhere is confusing: the lifetime is elided here, the same lifetime is hidden here
src/flowgraph.rs:160:22: warning: hiding a lifetime that's elided elsewhere is confusing: the lifetime is elided here, the same lifetime is hidden here
src/flowgraph.rs:165:22: warning: hiding a lifetime that's elided elsewhere is confusing: the lifetime is elided here, the same lifetime is hidden here
src/ir/constant.rs:95:17: warning: hiding a lifetime that's elided elsewhere is confusing: the lifetime is elided here, the same lifetime is hidden here
src/ir/dfg.rs:977:20: warning: hiding a lifetime that's elided elsewhere is confusing: the lifetime is elided here, the same lifetime is hidden here
src/ir/jumptable.rs:71:17: warning: hiding a lifetime that's elided elsewhere is confusing: the lifetime is elided here, the same lifetime is hidden here
src/ir/jumptable.rs:77:21: warning: hiding a lifetime that's elided elsewhere is confusing: the lifetime is elided here, the same lifetime is hidden here
src/ir/layout.rs:322:19: warning: hiding a lifetime that's elided elsewhere is confusing: the lifetime is elided here, the same lifetime is hidden here
src/ir/layout.rs:515:24: warning: hiding a lifetime that's elided elsewhere is confusing: the lifetime is elided here, the same lifetime is hidden here
/home/exedev/powderworks/headstart/results/2026-09-27-vm/work/cranelift-codegen-0.119.0/target/debug/build/cranelift-codegen/d1ab8c9045d38364/out/settings-x86.rs:102:27: warning: hiding a lifetime that's elided elsewhere is confusing: the lifetime is elided here, the same lifetime is hidden here
/home/exedev/powderworks/headstart/results/2026-09-27-vm/work/cranelift-codegen-0.119.0/target/debug/build/cranelift-codegen/d1ab8c9045d38364/out/settings.rs:299:27: warning: hiding a lifetime that's elided elsewhere is confusing: the lifetime is elided here, the same lifetime is hidden here
src/context.rs:114:9: warning: hiding a lifetime that's elided elsewhere is confusing: the lifetime is elided here, the same lifetime is hidden here, the same lifetime is elided here
src/context.rs:200:9: warning: hiding a lifetime that's elided elsewhere is confusing: the lifetime is elided here, the same lifetime is hidden here, the same lifetime is elided here
