src/webp/decoder.rs:41:9: warning: use of deprecated macro `try`: use the `?` operator instead
src/webp/decoder.rs:44:9: warning: use of deprecated macro `try`: use the `?` operator instead
src/webp/decoder.rs:42:20: warning: use of deprecated macro `try`: use the `?` operator instead
src/webp/decoder.rs:59:9: warning: use of deprecated macro `try`: use the `?` operator instead
src/webp/decoder.rs:65:20: warning: use of deprecated macro `try`: use the `?` operator instead
src/webp/decoder.rs:72:9: warning: use of deprecated macro `try`: use the `?` operator instead
src/webp/decoder.rs:76:21: warning: use of deprecated macro `try`: use the `?` operator instead
src/webp/decoder.rs:85:21: warning: use of deprecated macro `try`: use the `?` operator instead
src/webp/decoder.rs:86:21: warning: use of deprecated macro `try`: use the `?` operator instead
src/webp/decoder.rs:87:21: warning: use of deprecated macro `try`: use the `?` operator instead
src/webp/decoder.rs:98:17: warning: use of deprecated macro `try`: use the `?` operator instead
src/webp/decoder.rs:108:17: warning: use of deprecated macro `try`: use the `?` operator instead
src/webp/decoder.rs:114:17: warning: use of deprecated macro `try`: use the `?` operator instead
src/webp/decoder.rs:133:17: warning: use of deprecated macro `try`: use the `?` operator instead
src/webp/vp8.rs:910:9: warning: use of deprecated macro `try`: use the `?` operator instead
src/webp/vp8.rs:898:13: warning: use of deprecated macro `try`: use the `?` operator instead
src/webp/vp8.rs:903:17: warning: use of deprecated macro `try`: use the `?` operator instead
src/webp/vp8.rs:1029:9: warning: use of deprecated macro `try`: use the `?` operator instead
src/webp/vp8.rs:1062:9: warning: use of deprecated macro `try`: use the `?` operator instead
src/webp/vp8.rs:1039:13: warning: use of deprecated macro `try`: use the `?` operator instead
src/webp/vp8.rs:1042:21: warning: use of deprecated macro `try`: use the `?` operator instead
src/webp/vp8.rs:1043:21: warning: use of deprecated macro `try`: use the `?` operator instead
src/webp/vp8.rs:1088:17: warning: use of deprecated macro `try`: use the `?` operator instead
src/webp/vp8.rs:1277:34: warning: `...` range patterns are deprecated: help: use `..=` for an inclusive range
src/webp/vp8.rs:1279:37: warning: `...` range patterns are deprecated: help: use `..=` for an inclusive range
src/webp/vp8.rs:1395:17: warning: use of deprecated macro `try`: use the `?` operator instead
src/ppm/encoder.rs:31:17: warning: use of deprecated macro `try`: use the `?` operator instead
src/ppm/encoder.rs:32:17: warning: use of deprecated macro `try`: use the `?` operator instead
src/ppm/encoder.rs:57:29: warning: use of deprecated macro `try`: use the `?` operator instead
src/ppm/encoder.rs:58:29: warning: use of deprecated macro `try`: use the `?` operator instead
src/ppm/encoder.rs:59:29: warning: use of deprecated macro `try`: use the `?` operator instead
src/ppm/encoder.rs:63:24: warning: use of deprecated macro `try`: use the `?` operator instead
src/ppm/encoder.rs:64:24: warning: use of deprecated macro `try`: use the `?` operator instead
src/ppm/encoder.rs:68:29: warning: use of deprecated macro `try`: use the `?` operator instead
src/ppm/encoder.rs:70:29: warning: use of deprecated macro `try`: use the `?` operator instead
src/ppm/encoder.rs:72:29: warning: use of deprecated macro `try`: use the `?` operator instead
src/png.rs:42:35: warning: use of deprecated macro `try`: use the `?` operator instead
src/png.rs:56:22: warning: use of deprecated macro `try`: use the `?` operator instead
src/png.rs:61:22: warning: use of deprecated macro `try`: use the `?` operator instead
src/png.rs:66:22: warning: use of deprecated macro `try`: use the `?` operator instead
src/png.rs:72:15: warning: use of deprecated macro `try`: use the `?` operator instead
src/png.rs:72:20: warning: use of deprecated macro `try`: use the `?` operator instead
src/png.rs:84:9: warning: use of deprecated macro `try`: use the `?` operator instead
src/png.rs:82:22: warning: use of deprecated macro `try`: use the `?` operator instead
src/png.rs:109:26: warning: use of deprecated macro `try`: use the `?` operator instead
src/ico/decoder.rs:43:23: warning: use of deprecated macro `try`: use the `?` operator instead
src/ico/decoder.rs:44:21: warning: use of deprecated macro `try`: use the `?` operator instead
src/ico/decoder.rs:45:23: warning: use of deprecated macro `try`: use the `?` operator instead
src/ico/decoder.rs:55:21: warning: use of deprecated macro `try`: use the `?` operator instead
src/ico/decoder.rs:56:17: warning: use of deprecated macro `try`: use the `?` operator instead
src/ico/decoder.rs:57:17: warning: use of deprecated macro `try`: use the `?` operator instead
src/ico/decoder.rs:64:19: warning: use of deprecated macro `try`: use the `?` operator instead
src/ico/decoder.rs:65:20: warning: use of deprecated macro `try`: use the `?` operator instead
src/ico/decoder.rs:66:25: warning: use of deprecated macro `try`: use the `?` operator instead
src/ico/decoder.rs:67:22: warning: use of deprecated macro `try`: use the `?` operator instead
src/ico/decoder.rs:69:30: warning: use of deprecated macro `try`: use the `?` operator instead
src/ico/decoder.rs:70:28: warning: use of deprecated macro `try`: use the `?` operator instead
src/ico/decoder.rs:72:26: warning: use of deprecated macro `try`: use the `?` operator instead
src/ico/decoder.rs:73:26: warning: use of deprecated macro `try`: use the `?` operator instead
src/ico/decoder.rs:80:20: warning: use of deprecated macro `try`: use the `?` operator instead
src/ico/decoder.rs:110:9: warning: use of deprecated macro `try`: use the `?` operator instead
src/ico/decoder.rs:115:9: warning: use of deprecated macro `try`: use the `?` operator instead
src/ico/decoder.rs:119:9: warning: use of deprecated macro `try`: use the `?` operator instead
src/ico/decoder.rs:126:9: warning: use of deprecated macro `try`: use the `?` operator instead
src/ico/decoder.rs:125:22: warning: use of deprecated macro `try`: use the `?` operator instead
src/ico/decoder.rs:132:13: warning: use of deprecated macro `try`: use the `?` operator instead
src/ico/decoder.rs:173:39: warning: use of deprecated macro `try`: use the `?` operator instead
src/ico/decoder.rs:176:20: warning: use of deprecated macro `try`: use the `?` operator instead
src/ico/decoder.rs:179:44: warning: use of deprecated macro `try`: use the `?` operator instead
src/ico/decoder.rs:186:34: warning: use of deprecated macro `try`: use the `?` operator instead
src/ico/decoder.rs:202:45: warning: use of deprecated macro `try`: use the `?` operator instead
src/ico/encoder.rs:34:9: warning: use of deprecated macro `try`: use the `?` operator instead
src/ico/encoder.rs:37:9: warning: use of deprecated macro `try`: use the `?` operator instead
src/ico/encoder.rs:38:9: warning: use of deprecated macro `try`: use the `?` operator instead
src/ico/encoder.rs:41:9: warning: use of deprecated macro `try`: use the `?` operator instead
src/ico/encoder.rs:48:5: warning: use of deprecated macro `try`: use the `?` operator instead
src/ico/encoder.rs:50:5: warning: use of deprecated macro `try`: use the `?` operator instead
src/ico/encoder.rs:52:5: warning: use of deprecated macro `try`: use the `?` operator instead
src/ico/encoder.rs:60:5: warning: use of deprecated macro `try`: use the `?` operator instead
src/ico/encoder.rs:61:5: warning: use of deprecated macro `try`: use the `?` operator instead
src/ico/encoder.rs:63:5: warning: use of deprecated macro `try`: use the `?` operator instead
src/ico/encoder.rs:65:5: warning: use of deprecated macro `try`: use the `?` operator instead
src/ico/encoder.rs:67:5: warning: use of deprecated macro `try`: use the `?` operator instead
src/ico/encoder.rs:69:5: warning: use of deprecated macro `try`: use the `?` operator instead
src/ico/encoder.rs:71:5: warning: use of deprecated macro `try`: use the `?` operator instead
src/ico/encoder.rs:73:5: warning: use of deprecated macro `try`: use the `?` operator instead
src/jpeg/encoder.rs:226:17: warning: use of deprecated macro `try`: use the `?` operator instead
src/jpeg/encoder.rs:229:19: warning: use of deprecated macro `try`: use the `?` operator instead
src/jpeg/encoder.rs:232:19: warning: use of deprecated macro `try`: use the `?` operator instead
src/jpeg/encoder.rs:242:23: warning: use of deprecated macro `try`: use the `?` operator instead
src/jpeg/encoder.rs:249:19: warning: use of deprecated macro `try`: use the `?` operator instead
src/jpeg/encoder.rs:255:19: warning: use of deprecated macro `try`: use the `?` operator instead
src/jpeg/encoder.rs:262:23: warning: use of deprecated macro `try`: use the `?` operator instead
src/jpeg/encoder.rs:268:23: warning: use of deprecated macro `try`: use the `?` operator instead
src/jpeg/encoder.rs:272:19: warning: use of deprecated macro `try`: use the `?` operator instead
src/jpeg/encoder.rs:275:43: warning: use of deprecated macro `try`: use the `?` operator instead
src/jpeg/encoder.rs:276:43: warning: use of deprecated macro `try`: use the `?` operator instead
src/jpeg/encoder.rs:277:43: warning: use of deprecated macro `try`: use the `?` operator instead
src/jpeg/encoder.rs:278:43: warning: use of deprecated macro `try`: use the `?` operator instead
src/jpeg/encoder.rs:285:17: warning: use of deprecated macro `try`: use the `?` operator instead
src/jpeg/encoder.rs:290:17: warning: use of deprecated macro `try`: use the `?` operator instead
src/jpeg/encoder.rs:291:17: warning: use of deprecated macro `try`: use the `?` operator instead
src/jpeg/encoder.rs:295:21: warning: use of deprecated macro `try`: use the `?` operator instead
src/jpeg/encoder.rs:296:21: warning: use of deprecated macro `try`: use the `?` operator instead
src/jpeg/encoder.rs:312:21: warning: use of deprecated macro `try`: use the `?` operator instead
src/jpeg/encoder.rs:315:25: warning: use of deprecated macro `try`: use the `?` operator instead
src/jpeg/encoder.rs:351:17: warning: use of deprecated macro `try`: use the `?` operator instead
src/jpeg/encoder.rs:352:17: warning: use of deprecated macro `try`: use the `?` operator instead
src/jpeg/encoder.rs:364:25: warning: use of deprecated macro `try`: use the `?` operator instead
src/jpeg/encoder.rs:371:29: warning: use of deprecated macro `try`: use the `?` operator instead
src/jpeg/encoder.rs:378:25: warning: use of deprecated macro `try`: use the `?` operator instead
src/jpeg/encoder.rs:379:25: warning: use of deprecated macro `try`: use the `?` operator instead
src/jpeg/encoder.rs:414:29: warning: use of deprecated macro `try`: use the `?` operator instead
src/jpeg/encoder.rs:457:29: warning: use of deprecated macro `try`: use the `?` operator instead
src/jpeg/encoder.rs:458:29: warning: use of deprecated macro `try`: use the `?` operator instead
src/jpeg/encoder.rs:459:29: warning: use of deprecated macro `try`: use the `?` operator instead
src/jpeg/decoder.rs:27:17: warning: use of deprecated macro `try`: use the `?` operator instead
src/jpeg/decoder.rs:44:24: warning: use of deprecated macro `try`: use the `?` operator instead
src/jpeg/decoder.rs:49:24: warning: use of deprecated macro `try`: use the `?` operator instead
src/jpeg/decoder.rs:54:24: warning: use of deprecated macro `try`: use the `?` operator instead
src/jpeg/decoder.rs:63:24: warning: use of deprecated macro `try`: use the `?` operator instead
src/gif.rs:43:30: warning: use of deprecated macro `try`: use the `?` operator instead
src/gif.rs:58:22: warning: use of deprecated macro `try`: use the `?` operator instead
src/gif.rs:67:22: warning: use of deprecated macro `try`: use the `?` operator instead
src/gif.rs:74:9: warning: use of deprecated macro `try`: use the `?` operator instead
src/gif.rs:72:22: warning: use of deprecated macro `try`: use the `?` operator instead
src/gif.rs:79:22: warning: use of deprecated macro `try`: use the `?` operator instead
src/gif.rs:82:13: warning: use of deprecated macro `try`: use the `?` operator instead
src/gif.rs:80:26: warning: use of deprecated macro `try`: use the `?` operator instead
src/gif.rs:104:27: warning: use of deprecated macro `try`: use the `?` operator instead
src/tiff/decoder/ifd.rs:111:34: warning: use of deprecated macro `try`: use the `?` operator instead
src/tiff/decoder/ifd.rs:161:45: warning: use of deprecated macro `try`: use the `?` operator instead
src/tiff/decoder/ifd.rs:165:30: warning: use of deprecated macro `try`: use the `?` operator instead
src/tiff/decoder/ifd.rs:166:30: warning: use of deprecated macro `try`: use the `?` operator instead
src/tiff/decoder/ifd.rs:171:17: warning: use of deprecated macro `try`: use the `?` operator instead
src/tiff/decoder/ifd.rs:171:42: warning: use of deprecated macro `try`: use the `?` operator instead
src/tiff/decoder/ifd.rs:173:37: warning: use of deprecated macro `try`: use the `?` operator instead
src/tiff/decoder/ifd.rs:177:44: warning: use of deprecated macro `try`: use the `?` operator instead
src/tiff/decoder/ifd.rs:180:17: warning: use of deprecated macro `try`: use the `?` operator instead
src/tiff/decoder/ifd.rs:180:42: warning: use of deprecated macro `try`: use the `?` operator instead
src/tiff/decoder/ifd.rs:182:37: warning: use of deprecated macro `try`: use the `?` operator instead
src/tiff/decoder/stream.rs:53:9: warning: use of deprecated macro `try`: use the `?` operator instead
src/tiff/decoder/mod.rs:114:36: warning: unnecessary parentheses around index expression
src/tiff/decoder/mod.rs:115:36: warning: unnecessary parentheses around index expression
src/tiff/decoder/mod.rs:160:9: warning: use of deprecated macro `try`: use the `?` operator instead
src/tiff/decoder/mod.rs:168:29: warning: unnecessary qualification
src/tiff/decoder/mod.rs:172:12: warning: use of deprecated macro `try`: use the `?` operator instead
src/tiff/decoder/mod.rs:173:24: warning: unnecessary qualification
src/tiff/decoder/mod.rs:175:31: warning: use of deprecated macro `try`: use the `?` operator instead
src/tiff/decoder/mod.rs:191:9: warning: use of deprecated macro `try`: use the `?` operator instead
src/tiff/decoder/mod.rs:192:25: warning: use of deprecated macro `try`: use the `?` operator instead
src/tiff/decoder/mod.rs:193:22: warning: use of deprecated macro `try`: use the `?` operator instead
src/tiff/decoder/mod.rs:194:23: warning: use of deprecated macro `try`: use the `?` operator instead
src/tiff/decoder/mod.rs:196:13: warning: use of deprecated macro `try`: use the `?` operator instead
src/tiff/decoder/mod.rs:199:32: warning: unnecessary qualification
src/tiff/decoder/mod.rs:203:15: warning: use of deprecated macro `try`: use the `?` operator instead
src/tiff/decoder/mod.rs:208:36: warning: unnecessary qualification
src/tiff/decoder/mod.rs:214:15: warning: use of deprecated macro `try`: use the `?` operator instead
src/tiff/decoder/mod.rs:222:23: warning: use of deprecated macro `try`: use the `?` operator instead
src/tiff/decoder/mod.rs:230:23: warning: use of deprecated macro `try`: use the `?` operator instead
src/tiff/decoder/mod.rs:238:29: warning: unnecessary qualification
src/tiff/decoder/mod.rs:274:9: warning: use of deprecated macro `try`: use the `?` operator instead
src/tiff/decoder/mod.rs:292:38: warning: use of deprecated macro `try`: use the `?` operator instead
src/tiff/decoder/mod.rs:293:62: warning: use of deprecated macro `try`: use the `?` operator instead
src/tiff/decoder/mod.rs:297:17: warning: use of deprecated macro `try`: use the `?` operator instead
src/tiff/decoder/mod.rs:298:17: warning: use of deprecated macro `try`: use the `?` operator instead
src/tiff/decoder/mod.rs:305:13: warning: use of deprecated macro `try`: use the `?` operator instead
src/tiff/decoder/mod.rs:306:13: warning: use of deprecated macro `try`: use the `?` operator instead
src/tiff/decoder/mod.rs:314:32: warning: unnecessary qualification
src/tiff/decoder/mod.rs:317:29: warning: use of deprecated macro `try`: use the `?` operator instead
src/tiff/decoder/mod.rs:319:21: warning: use of deprecated macro `try`: use the `?` operator instead
src/tiff/decoder/mod.rs:320:38: warning: use of deprecated macro `try`: use the `?` operator instead
src/tiff/decoder/mod.rs:326:31: warning: use of deprecated macro `try`: use the `?` operator instead
src/tiff/decoder/mod.rs:345:36: warning: use of deprecated macro `try`: use the `?` operator instead
src/tiff/decoder/mod.rs:351:15: warning: use of deprecated macro `try`: use the `?` operator instead
src/tiff/decoder/mod.rs:352:34: warning: use of deprecated macro `try`: use the `?` operator instead
src/tiff/decoder/mod.rs:359:15: warning: use of deprecated macro `try`: use the `?` operator instead
src/tiff/decoder/mod.rs:360:34: warning: use of deprecated macro `try`: use the `?` operator instead
src/tiff/decoder/mod.rs:368:15: warning: use of deprecated macro `try`: use the `?` operator instead
src/tiff/decoder/mod.rs:378:10: warning: use of deprecated macro `try`: use the `?` operator instead
src/tiff/decoder/mod.rs:383:10: warning: use of deprecated macro `try`: use the `?` operator instead
src/tiff/decoder/mod.rs:390:9: warning: use of deprecated macro `try`: use the `?` operator instead
src/tiff/decoder/mod.rs:389:26: warning: use of deprecated macro `try`: use the `?` operator instead
src/tiff/decoder/mod.rs:397:39: warning: use of deprecated macro `try`: use the `?` operator instead
src/tiff/decoder/mod.rs:407:17: warning: use of deprecated macro `try`: use the `?` operator instead
src/tiff/decoder/mod.rs:412:30: warning: use of deprecated macro `try`: use the `?` operator instead
src/tiff/decoder/mod.rs:418:30: warning: use of deprecated macro `try`: use the `?` operator instead
src/tiff/decoder/mod.rs:426:17: warning: use of deprecated macro `try`: use the `?` operator instead
src/tiff/decoder/mod.rs:504:39: warning: use of deprecated macro `try`: use the `?` operator instead
src/tiff/decoder/mod.rs:505:21: warning: use of deprecated macro `try`: use the `?` operator instead
src/tiff/decoder/mod.rs:508:21: warning: use of deprecated macro `try`: use the `?` operator instead
src/tiff/decoder/mod.rs:514:21: warning: use of deprecated macro `try`: use the `?` operator instead
src/tiff/decoder/mod.rs:537:21: warning: use of deprecated macro `try`: use the `?` operator instead
src/tiff/decoder/mod.rs:539:25: warning: use of deprecated macro `try`: use the `?` operator instead
src/tiff/decoder/mod.rs:540:25: warning: use of deprecated macro `try`: use the `?` operator instead
src/tga/decoder.rs:112:32: warning: use of deprecated macro `try`: use the `?` operator instead
src/tga/decoder.rs:113:32: warning: use of deprecated macro `try`: use the `?` operator instead
src/tga/decoder.rs:114:32: warning: use of deprecated macro `try`: use the `?` operator instead
src/tga/decoder.rs:115:32: warning: use of deprecated macro `try`: use the `?` operator instead
src/tga/decoder.rs:116:32: warning: use of deprecated macro `try`: use the `?` operator instead
src/tga/decoder.rs:117:32: warning: use of deprecated macro `try`: use the `?` operator instead
src/tga/decoder.rs:118:32: warning: use of deprecated macro `try`: use the `?` operator instead
src/tga/decoder.rs:119:32: warning: use of deprecated macro `try`: use the `?` operator instead
src/tga/decoder.rs:120:32: warning: use of deprecated macro `try`: use the `?` operator instead
src/tga/decoder.rs:121:32: warning: use of deprecated macro `try`: use the `?` operator instead
src/tga/decoder.rs:122:32: warning: use of deprecated macro `try`: use the `?` operator instead
src/tga/decoder.rs:123:32: warning: use of deprecated macro `try`: use the `?` operator instead
src/tga/decoder.rs:144:13: warning: use of deprecated macro `try`: use the `?` operator instead
src/tga/decoder.rs:196:23: warning: use of deprecated macro `try`: use the `?` operator instead
src/tga/decoder.rs:206:13: warning: use of deprecated macro `try`: use the `?` operator instead
src/tga/decoder.rs:207:13: warning: use of deprecated macro `try`: use the `?` operator instead
src/tga/decoder.rs:208:13: warning: use of deprecated macro `try`: use the `?` operator instead
src/tga/decoder.rs:209:13: warning: use of deprecated macro `try`: use the `?` operator instead
src/tga/decoder.rs:257:9: warning: use of deprecated macro `try`: use the `?` operator instead
src/tga/decoder.rs:263:35: warning: use of deprecated macro `try`: use the `?` operator instead
src/tga/decoder.rs:303:13: warning: use of deprecated macro `try`: use the `?` operator instead
src/tga/decoder.rs:307:13: warning: use of deprecated macro `try`: use the `?` operator instead
src/tga/decoder.rs:326:30: warning: use of deprecated macro `try`: use the `?` operator instead
src/tga/decoder.rs:335:17: warning: use of deprecated macro `try`: use the `?` operator instead
src/tga/decoder.rs:342:17: warning: use of deprecated macro `try`: use the `?` operator instead
src/tga/decoder.rs:377:9: warning: use of deprecated macro `try`: use the `?` operator instead
src/tga/decoder.rs:383:9: warning: use of deprecated macro `try`: use the `?` operator instead
src/tga/decoder.rs:389:9: warning: use of deprecated macro `try`: use the `?` operator instead
src/tga/decoder.rs:399:9: warning: use of deprecated macro `try`: use the `?` operator instead
src/bmp/decoder.rs:214:16: warning: use of deprecated macro `try`: use the `?` operator instead
src/bmp/decoder.rs:215:16: warning: use of deprecated macro `try`: use the `?` operator instead
src/bmp/decoder.rs:216:16: warning: use of deprecated macro `try`: use the `?` operator instead
src/bmp/decoder.rs:217:16: warning: use of deprecated macro `try`: use the `?` operator instead
src/bmp/decoder.rs:351:9: warning: use of deprecated macro `try`: use the `?` operator instead
src/bmp/decoder.rs:359:9: warning: use of deprecated macro `try`: use the `?` operator instead
src/bmp/decoder.rs:360:9: warning: use of deprecated macro `try`: use the `?` operator instead
src/bmp/decoder.rs:362:28: warning: use of deprecated macro `try`: use the `?` operator instead
src/bmp/decoder.rs:372:9: warning: use of deprecated macro `try`: use the `?` operator instead
src/bmp/decoder.rs:368:23: warning: use of deprecated macro `try`: use the `?` operator instead
src/bmp/decoder.rs:369:23: warning: use of deprecated macro `try`: use the `?` operator instead
src/bmp/decoder.rs:374:26: warning: use of deprecated macro `try`: use the `?` operator instead
src/bmp/decoder.rs:402:9: warning: use of deprecated macro `try`: use the `?` operator instead
src/bmp/decoder.rs:434:9: warning: use of deprecated macro `try`: use the `?` operator instead
src/bmp/decoder.rs:435:9: warning: use of deprecated macro `try`: use the `?` operator instead
src/bmp/decoder.rs:436:9: warning: use of deprecated macro `try`: use the `?` operator instead
src/bmp/decoder.rs:442:9: warning: use of deprecated macro `try`: use the `?` operator instead
src/bmp/decoder.rs:385:23: warning: use of deprecated macro `try`: use the `?` operator instead
src/bmp/decoder.rs:386:23: warning: use of deprecated macro `try`: use the `?` operator instead
src/bmp/decoder.rs:404:26: warning: use of deprecated macro `try`: use the `?` operator instead
src/bmp/decoder.rs:405:30: warning: use of deprecated macro `try`: use the `?` operator instead
src/bmp/decoder.rs:438:28: warning: use of deprecated macro `try`: use the `?` operator instead
src/bmp/decoder.rs:449:22: warning: use of deprecated macro `try`: use the `?` operator instead
src/bmp/decoder.rs:450:22: warning: use of deprecated macro `try`: use the `?` operator instead
src/bmp/decoder.rs:451:22: warning: use of deprecated macro `try`: use the `?` operator instead
src/bmp/decoder.rs:455:17: warning: use of deprecated macro `try`: use the `?` operator instead
src/bmp/decoder.rs:461:44: warning: use of deprecated macro `try`: use the `?` operator instead
src/bmp/decoder.rs:462:44: warning: use of deprecated macro `try`: use the `?` operator instead
src/bmp/decoder.rs:475:13: warning: use of deprecated macro `try`: use the `?` operator instead
src/bmp/decoder.rs:504:13: warning: use of deprecated macro `try`: use the `?` operator instead
src/bmp/decoder.rs:476:37: warning: use of deprecated macro `try`: use the `?` operator instead
src/bmp/decoder.rs:477:35: warning: use of deprecated macro `try`: use the `?` operator instead
src/bmp/decoder.rs:492:21: warning: use of deprecated macro `try`: use the `?` operator instead
src/bmp/decoder.rs:495:21: warning: use of deprecated macro `try`: use the `?` operator instead
src/bmp/decoder.rs:500:68: warning: use of deprecated macro `try`: use the `?` operator instead
src/bmp/decoder.rs:507:75: warning: use of deprecated macro `try`: use the `?` operator instead
src/bmp/decoder.rs:513:36: warning: use of deprecated macro `try`: use the `?` operator instead
src/bmp/decoder.rs:526:9: warning: use of deprecated macro `try`: use the `?` operator instead
src/bmp/decoder.rs:566:9: warning: use of deprecated macro `try`: use the `?` operator instead
src/bmp/decoder.rs:560:28: warning: use of deprecated macro `try`: use the `?` operator instead
src/bmp/decoder.rs:610:9: warning: use of deprecated macro `try`: use the `?` operator instead
src/bmp/decoder.rs:612:13: warning: use of deprecated macro `try`: use the `?` operator instead
src/bmp/decoder.rs:635:9: warning: use of deprecated macro `try`: use the `?` operator instead
src/bmp/decoder.rs:647:13: warning: use of deprecated macro `try`: use the `?` operator instead
src/bmp/decoder.rs:638:28: warning: use of deprecated macro `try`: use the `?` operator instead
src/bmp/decoder.rs:658:9: warning: use of deprecated macro `try`: use the `?` operator instead
src/bmp/decoder.rs:661:28: warning: use of deprecated macro `try`: use the `?` operator instead
src/bmp/decoder.rs:684:9: warning: use of deprecated macro `try`: use the `?` operator instead
src/bmp/decoder.rs:709:13: warning: use of deprecated macro `try`: use the `?` operator instead
src/bmp/decoder.rs:689:21: warning: use of deprecated macro `try`: use the `?` operator instead
src/bmp/decoder.rs:692:25: warning: use of deprecated macro `try`: use the `?` operator instead
src/bmp/decoder.rs:693:25: warning: use of deprecated macro `try`: use the `?` operator instead
src/bmp/decoder.rs:694:25: warning: use of deprecated macro `try`: use the `?` operator instead
src/bmp/decoder.rs:697:21: warning: use of deprecated macro `try`: use the `?` operator instead
src/bmp/decoder.rs:705:29: warning: use of deprecated macro `try`: use the `?` operator instead
src/bmp/decoder.rs:719:9: warning: use of deprecated macro `try`: use the `?` operator instead
src/bmp/decoder.rs:849:9: warning: use of deprecated macro `try`: use the `?` operator instead
src/bmp/decoder.rs:854:9: warning: use of deprecated macro `try`: use the `?` operator instead
src/bmp/decoder.rs:863:9: warning: use of deprecated macro `try`: use the `?` operator instead
src/bmp/decoder.rs:872:9: warning: use of deprecated macro `try`: use the `?` operator instead
src/hdr/hdr_decoder.rs:29:23: warning: use of deprecated macro `try`: use the `?` operator instead
src/hdr/hdr_decoder.rs:39:23: warning: use of deprecated macro `try`: use the `?` operator instead
src/hdr/hdr_decoder.rs:69:45: warning: use of deprecated macro `try`: use the `?` operator instead
src/hdr/hdr_decoder.rs:194:17: warning: use of deprecated macro `try`: use the `?` operator instead
src/hdr/hdr_decoder.rs:199:17: warning: use of deprecated macro `try`: use the `?` operator instead
src/hdr/hdr_decoder.rs:206:23: warning: use of deprecated macro `try`: use the `?` operator instead
src/hdr/hdr_decoder.rs:220:25: warning: use of deprecated macro `try`: use the `?` operator instead
src/hdr/hdr_decoder.rs:227:19: warning: use of deprecated macro `try`: use the `?` operator instead
src/hdr/hdr_decoder.rs:234:21: warning: use of deprecated macro `try`: use the `?` operator instead
src/hdr/hdr_decoder.rs:270:13: warning: use of deprecated macro `try`: use the `?` operator instead
src/hdr/hdr_decoder.rs:296:13: warning: use of deprecated macro `try`: use the `?` operator instead
src/hdr/hdr_decoder.rs:302:21: warning: use of deprecated macro `try`: use the `?` operator instead
src/hdr/hdr_decoder.rs:436:14: warning: use of deprecated macro `try`: use the `?` operator instead
src/hdr/hdr_decoder.rs:441:9: warning: use of deprecated macro `try`: use the `?` operator instead
src/hdr/hdr_decoder.rs:442:9: warning: use of deprecated macro `try`: use the `?` operator instead
src/hdr/hdr_decoder.rs:443:9: warning: use of deprecated macro `try`: use the `?` operator instead
src/hdr/hdr_decoder.rs:444:9: warning: use of deprecated macro `try`: use the `?` operator instead
src/hdr/hdr_decoder.rs:447:9: warning: use of deprecated macro `try`: use the `?` operator instead
src/hdr/hdr_decoder.rs:455:5: warning: use of deprecated macro `try`: use the `?` operator instead
src/hdr/hdr_decoder.rs:467:22: warning: use of deprecated macro `try`: use the `?` operator instead
src/hdr/hdr_decoder.rs:474:17: warning: use of deprecated macro `try`: use the `?` operator instead
src/hdr/hdr_decoder.rs:487:29: warning: use of deprecated macro `try`: use the `?` operator instead
src/hdr/hdr_decoder.rs:528:19: warning: use of deprecated macro `try`: use the `?` operator instead
src/hdr/hdr_decoder.rs:560:5: warning: use of deprecated macro `try`: use the `?` operator instead
src/hdr/hdr_decoder.rs:699:18: warning: use of deprecated macro `try`: use the `?` operator instead
src/hdr/hdr_decoder.rs:700:18: warning: use of deprecated macro `try`: use the `?` operator instead
src/hdr/hdr_decoder.rs:701:18: warning: use of deprecated macro `try`: use the `?` operator instead
src/hdr/hdr_decoder.rs:702:18: warning: use of deprecated macro `try`: use the `?` operator instead
src/hdr/hdr_decoder.rs:715:26: warning: use of deprecated macro `try`: use the `?` operator instead
src/hdr/hdr_decoder.rs:716:25: warning: use of deprecated macro `try`: use the `?` operator instead
src/hdr/hdr_decoder.rs:814:32: warning: use of deprecated macro `try`: use the `?` operator instead
src/hdr/hdr_decoder.rs:815:13: warning: use of deprecated macro `try`: use the `?` operator instead
src/hdr/hdr_decoder.rs:816:13: warning: use of deprecated macro `try`: use the `?` operator instead
src/hdr/hdr_decoder.rs:817:13: warning: use of deprecated macro `try`: use the `?` operator instead
src/hdr/hdr_decoder.rs:822:18: warning: use of deprecated macro `try`: use the `?` operator instead
src/hdr/hdr_decoder.rs:823:18: warning: use of deprecated macro `try`: use the `?` operator instead
src/hdr/hdr_decoder.rs:824:18: warning: use of deprecated macro `try`: use the `?` operator instead
src/hdr/hdr_encoder.rs:23:9: warning: use of deprecated macro `try`: use the `?` operator instead
src/hdr/hdr_encoder.rs:24:9: warning: use of deprecated macro `try`: use the `?` operator instead
src/hdr/hdr_encoder.rs:25:9: warning: use of deprecated macro `try`: use the `?` operator instead
src/hdr/hdr_encoder.rs:26:9: warning: use of deprecated macro `try`: use the `?` operator instead
src/hdr/hdr_encoder.rs:27:9: warning: use of deprecated macro `try`: use the `?` operator instead
src/hdr/hdr_encoder.rs:31:17: warning: use of deprecated macro `try`: use the `?` operator instead
src/hdr/hdr_encoder.rs:57:17: warning: use of deprecated macro `try`: use the `?` operator instead
src/hdr/hdr_encoder.rs:60:17: warning: use of deprecated macro `try`: use the `?` operator instead
src/hdr/hdr_encoder.rs:63:17: warning: use of deprecated macro `try`: use the `?` operator instead
src/hdr/hdr_encoder.rs:66:17: warning: use of deprecated macro `try`: use the `?` operator instead
src/hdr/hdr_encoder.rs:69:17: warning: use of deprecated macro `try`: use the `?` operator instead
src/image.rs:168:24: warning: use of deprecated macro `try`: use the `?` operator instead
src/image.rs:175:22: warning: use of deprecated macro `try`: use the `?` operator instead
src/image.rs:181:17: warning: use of deprecated macro `try`: use the `?` operator instead
src/image.rs:185:23: warning: use of deprecated macro `try`: use the `?` operator instead
src/image.rs:191:23: warning: use of deprecated macro `try`: use the `?` operator instead
src/image.rs:207:21: warning: use of deprecated macro `try`: use the `?` operator instead
src/utils/bitstream.rs:60:25: warning: use of deprecated macro `try`: use the `?` operator instead
src/utils/bitstream.rs:88:26: warning: use of deprecated macro `try`: use the `?` operator instead
src/utils/bitstream.rs:109:26: warning: use of deprecated macro `try`: use the `?` operator instead
src/utils/bitstream.rs:153:17: warning: use of deprecated macro `try`: use the `?` operator instead
src/utils/bitstream.rs:162:13: warning: use of deprecated macro `try`: use the `?` operator instead
src/utils/bitstream.rs:184:13: warning: use of deprecated macro `try`: use the `?` operator instead
src/utils/bitstream.rs:200:13: warning: use of deprecated macro `try`: use the `?` operator instead
src/utils/lzw.rs:117:20: warning: use of deprecated macro `try`: use the `?` operator instead
src/utils/lzw.rs:129:17: warning: use of deprecated macro `try`: use the `?` operator instead
src/utils/lzw.rs:145:17: warning: use of deprecated macro `try`: use the `?` operator instead
src/utils/lzw.rs:134:21: warning: use of deprecated macro `try`: use the `?` operator instead
src/utils/lzw.rs:132:31: warning: use of deprecated macro `try`: use the `?` operator instead
src/utils/lzw.rs:136:31: warning: use of deprecated macro `try`: use the `?` operator instead
src/utils/lzw.rs:277:5: warning: use of deprecated macro `try`: use the `?` operator instead
src/utils/lzw.rs:306:5: warning: use of deprecated macro `try`: use the `?` operator instead
src/utils/lzw.rs:307:5: warning: use of deprecated macro `try`: use the `?` operator instead
src/utils/lzw.rs:284:17: warning: use of deprecated macro `try`: use the `?` operator instead
src/utils/lzw.rs:298:13: warning: use of deprecated macro `try`: use the `?` operator instead
src/utils/lzw.rs:304:9: warning: use of deprecated macro `try`: use the `?` operator instead
src/dynimage.rs:360:13: warning: unnecessary qualification
src/dynimage.rs:363:17: warning: use of deprecated macro `try`: use the `?` operator instead
src/dynimage.rs:367:13: warning: unnecessary qualification
src/dynimage.rs:370:17: warning: use of deprecated macro `try`: use the `?` operator instead
src/dynimage.rs:375:13: warning: unnecessary qualification
src/dynimage.rs:378:17: warning: use of deprecated macro `try`: use the `?` operator instead
src/dynimage.rs:383:13: warning: unnecessary qualification
src/dynimage.rs:386:17: warning: use of deprecated macro `try`: use the `?` operator instead
src/dynimage.rs:395:13: warning: unnecessary qualification
src/dynimage.rs:398:17: warning: use of deprecated macro `try`: use the `?` operator instead
src/dynimage.rs:454:18: warning: use of deprecated macro `try`: use the `?` operator instead
src/dynimage.rs:455:18: warning: use of deprecated macro `try`: use the `?` operator instead
src/dynimage.rs:456:18: warning: use of deprecated macro `try`: use the `?` operator instead
src/dynimage.rs:545:19: warning: unnecessary qualification
src/dynimage.rs:546:19: warning: unnecessary qualification
src/dynimage.rs:547:19: warning: unnecessary qualification
src/dynimage.rs:548:19: warning: unnecessary qualification
src/dynimage.rs:550:19: warning: unnecessary qualification
src/dynimage.rs:551:18: warning: unnecessary qualification
src/dynimage.rs:552:18: warning: unnecessary qualification
src/dynimage.rs:553:18: warning: unnecessary qualification
src/dynimage.rs:554:18: warning: unnecessary qualification
src/dynimage.rs:579:39: warning: use of deprecated macro `try`: use the `?` operator instead
src/dynimage.rs:604:9: warning: unnecessary qualification
src/dynimage.rs:606:9: warning: unnecessary qualification
src/dynimage.rs:608:9: warning: unnecessary qualification
src/dynimage.rs:610:9: warning: unnecessary qualification
src/dynimage.rs:612:9: warning: unnecessary qualification
src/dynimage.rs:612:54: warning: use of deprecated macro `try`: use the `?` operator instead
src/dynimage.rs:614:9: warning: unnecessary qualification
src/dynimage.rs:616:9: warning: unnecessary qualification
src/dynimage.rs:618:9: warning: unnecessary qualification
src/dynimage.rs:618:53: warning: use of deprecated macro `try`: use the `?` operator instead
src/dynimage.rs:620:9: warning: unnecessary qualification
src/dynimage.rs:620:53: warning: use of deprecated macro `try`: use the `?` operator instead
src/dynimage.rs:643:42: warning: use of deprecated macro `try`: use the `?` operator instead
src/color.rs:222:30: warning: anonymous parameters are deprecated and will be removed in the next edition: help: try naming the parameter or explicitly ignoring it: `_: &Other`
src/math/nq.rs:188:30: warning: use of deprecated constant `std::f64::MAX`: replaced by the `MAX` associated constant on `f64`
src/dynimage.rs:6:17: warning: use of deprecated trait `std::ascii::AsciiExt`: use inherent methods instead
src/imageops/sample.rs:37:21: warning: trait objects without an explicit `dyn` are deprecated
src/image.rs:70:33: warning: trait objects without an explicit `dyn` are deprecated
src/tga/decoder.rs:110:28: warning: trait objects without an explicit `dyn` are deprecated
src/tga/decoder.rs:136:32: warning: trait objects without an explicit `dyn` are deprecated
src/jpeg/decoder.rs:119:62: warning: use of deprecated method `std::error::Error::description`: use the Display impl or to_string()
src/tiff/decoder/mod.rs:391:46: warning: trait objects without an explicit `dyn` are deprecated
src/bmp/decoder.rs:392:32: warning: use of deprecated associated function `core::num::<impl i32>::min_value`: replaced by the `MIN` associated constant on this type
src/hdr/hdr_decoder.rs:630:119: warning: use of deprecated method `std::error::Error::description`: use the Display impl or to_string()
src/hdr/hdr_decoder.rs:642:120: warning: use of deprecated method `std::error::Error::description`: use the Display impl or to_string()
src/hdr/hdr_decoder.rs:683:103: warning: use of deprecated method `std::error::Error::description`: use the Display impl or to_string()
src/hdr/hdr_decoder.rs:734:86: warning: use of deprecated method `std::error::Error::description`: use the Display impl or to_string()
src/hdr/hdr_decoder.rs:740:86: warning: use of deprecated method `std::error::Error::description`: use the Display impl or to_string()
src/dynimage.rs:6:5: warning: unused import: `std::ascii::AsciiExt`
src/buffer.rs:596:14: warning: variable does not need to be mutable
src/jpeg/encoder.rs:157:5: warning: field `dc_pred` is never read
src/tga/decoder.rs:82:5: warning: fields `x_origin` and `y_origin` are never read
src/imageops/mod.rs:58:47: warning: hiding a lifetime that's elided elsewhere is confusing: the lifetime is elided here, the same lifetime is hidden here
src/webp/vp8.rs:1293:29: warning: panic message is not a string literal
src/ppm/encoder.rs:23:19: warning: hiding a lifetime that's elided elsewhere is confusing: the lifetime is elided here, the same lifetime is hidden here
src/ppm/encoder.rs:76:25: warning: panic message is not a string literal
src/jpeg/encoder.rs:178:19: warning: hiding a lifetime that's elided elsewhere is confusing: the lifetime is elided here, the same lifetime is hidden here
src/image.rs:369:15: warning: hiding a lifetime that's elided elsewhere is confusing: the lifetime is elided here, the same lifetime is hidden here
src/image.rs:386:19: warning: hiding a lifetime that's elided elsewhere is confusing: the lifetime is elided here, the same lifetime is hidden here
src/image.rs:453:23: warning: hiding a lifetime that's elided elsewhere is confusing: the lifetime is elided here, the same lifetime is hidden here
src/buffer.rs:307:23: warning: hiding a lifetime that's elided elsewhere is confusing: the lifetime is elided here, the same lifetime is hidden here
warning: unused dependency `glob`
  --> Cargo.toml:30:1
   |
30 | glob = "0.2.10"
   | ^^^^^^^^^^^^^^^
   |
   = note: `cargo::unused_dependencies` is set to `warn` by default
help: consider removing the dependency on `glob`
