src/token.rs:146:28: warning: lint `repr_transparent_external_private_fields` has been removed: converted into hard error, see <https://github.com/rust-lang/rust/issues/78586> for more information
src/token.rs:327:36: warning: lint `repr_transparent_external_private_fields` has been removed: converted into hard error, see <https://github.com/rust-lang/rust/issues/78586> for more information
src/scan_expr.rs:4:81: warning: unused import: `Token`
src/buffer.rs:82:18: warning: hiding a lifetime that's elided elsewhere is confusing: the lifetime is elided here, the same lifetime is hidden here
src/data.rs:71:17: warning: hiding a lifetime that's elided elsewhere is confusing: the lifetime is elided here, the same lifetime is hidden here
src/data.rs:82:21: warning: hiding a lifetime that's elided elsewhere is confusing: the lifetime is elided here, the same lifetime is hidden here
src/data.rs:141:24: warning: hiding a lifetime that's elided elsewhere is confusing: the lifetime is elided here, the same lifetime is hidden here
src/generics.rs:108:26: warning: hiding a lifetime that's elided elsewhere is confusing: the lifetime is elided here, the same lifetime is hidden here
src/generics.rs:115:30: warning: hiding a lifetime that's elided elsewhere is confusing: the lifetime is elided here, the same lifetime is hidden here
src/generics.rs:122:28: warning: hiding a lifetime that's elided elsewhere is confusing: the lifetime is elided here, the same lifetime is hidden here
src/generics.rs:129:32: warning: hiding a lifetime that's elided elsewhere is confusing: the lifetime is elided here, the same lifetime is hidden here
src/generics.rs:136:29: warning: hiding a lifetime that's elided elsewhere is confusing: the lifetime is elided here, the same lifetime is hidden here
src/generics.rs:143:33: warning: hiding a lifetime that's elided elsewhere is confusing: the lifetime is elided here, the same lifetime is hidden here
src/generics.rs:176:27: warning: hiding a lifetime that's elided elsewhere is confusing: the lifetime is elided here, the same lifetime is hidden here, the same lifetime is hidden here, the same lifetime is elided here
src/parse.rs:1279:35: warning: hiding a lifetime that's elided elsewhere is confusing: the lifetime is elided here, the same lifetime is hidden here
src/discouraged.rs:208:28: warning: hiding a lifetime that's elided elsewhere is confusing: the lifetime is elided here, the same lifetime is hidden here
src/discouraged.rs:212:28: warning: hiding a lifetime that's elided elsewhere is confusing: the lifetime is elided here, the same lifetime is hidden here
src/punctuated.rs:119:17: warning: hiding a lifetime that's elided elsewhere is confusing: the lifetime is elided here, the same lifetime is hidden here
src/punctuated.rs:130:21: warning: hiding a lifetime that's elided elsewhere is confusing: the lifetime is elided here, the same lifetime is hidden here
src/punctuated.rs:141:18: warning: hiding a lifetime that's elided elsewhere is confusing: the lifetime is elided here, the same lifetime is hidden here
src/punctuated.rs:150:22: warning: hiding a lifetime that's elided elsewhere is confusing: the lifetime is elided here, the same lifetime is hidden here
