url-1.5.1/percent_encoding/lib.rs:35:17: warning: use of deprecated trait `std::ascii::AsciiExt`: use inherent methods instead
url-1.5.1/percent_encoding/lib.rs:35:5: warning: unused import: `std::ascii::AsciiExt`
url-1.5.1/percent_encoding/lib.rs:213:44: warning: hiding a lifetime that's elided elsewhere is confusing: the lifetime is elided here, the same lifetime is hidden here
url-1.5.1/percent_encoding/lib.rs:232:49: warning: hiding a lifetime that's elided elsewhere is confusing: the lifetime is elided here, the same lifetime is hidden here
url-1.5.1/percent_encoding/lib.rs:324:30: warning: hiding a lifetime that's elided elsewhere is confusing: the lifetime is elided here, the same lifetime is hidden here
url-1.5.1/percent_encoding/lib.rs:435:27: warning: ambiguous wide pointer comparison, the comparison includes metadata which may not be expected
url-1.5.1/idna/src/punycode.rs:84:29: warning: `...` range patterns are deprecated: help: use `..=` for an inclusive range
url-1.5.1/idna/src/punycode.rs:85:29: warning: `...` range patterns are deprecated: help: use `..=` for an inclusive range
url-1.5.1/idna/src/punycode.rs:86:29: warning: `...` range patterns are deprecated: help: use `..=` for an inclusive range
url-1.5.1/idna/src/punycode.rs:208:11: warning: `...` range patterns are deprecated: help: use `..=` for an inclusive range
url-1.5.1/idna/src/punycode.rs:209:12: warning: `...` range patterns are deprecated: help: use `..=` for an inclusive range
url-1.5.1/idna/src/punycode.rs:16:10: warning: use of deprecated module `std::u32`: all constants in this module replaced by associated constants on the type
url-1.5.1/idna/src/punycode.rs:18:17: warning: use of deprecated trait `std::ascii::AsciiExt`: use inherent methods instead
url-1.5.1/idna/src/punycode.rs:89:30: warning: use of deprecated constant `std::u32::MAX`: replaced by the `MAX` associated constant on this type
url-1.5.1/idna/src/punycode.rs:99:30: warning: use of deprecated constant `std::u32::MAX`: replaced by the `MAX` associated constant on this type
url-1.5.1/idna/src/punycode.rs:111:36: warning: use of deprecated constant `std::u32::MAX`: replaced by the `MAX` associated constant on this type
url-1.5.1/idna/src/punycode.rs:162:48: warning: use of deprecated constant `std::u32::MAX`: replaced by the `MAX` associated constant on this type
url-1.5.1/idna/src/uts46.rs:14:17: warning: use of deprecated trait `std::ascii::AsciiExt`: use inherent methods instead
socket2-0.2.3/src/sockaddr.rs:7:40: warning: unused imports: `sockaddr_in6` and `sockaddr_in`
socket2-0.2.3/src/sys/unix/mod.rs:45:39: warning: unexpected `cfg` condition value: `bitrig`
socket2-0.2.3/src/sys/unix/mod.rs:26:12: warning: unused import: `sockaddr`
socket2-0.2.3/src/sockaddr.rs:32:32: warning: use of deprecated function `std::mem::uninitialized`: use `mem::MaybeUninit` instead
socket2-0.2.3/src/sys/unix/mod.rs:20:47: warning: use of deprecated constant `std::sync::atomic::ATOMIC_BOOL_INIT`: the `new` function is now preferred
socket2-0.2.3/src/sys/unix/mod.rs:222:45: warning: use of deprecated constant `std::sync::atomic::ATOMIC_BOOL_INIT`: the `new` function is now preferred
socket2-0.2.3/src/sys/unix/mod.rs:171:52: warning: use of deprecated associated function `core::num::<impl i32>::max_value`: replaced by the `MAX` associated constant on this type
socket2-0.2.3/src/sys/unix/mod.rs:907:18: warning: use of deprecated associated function `core::num::<impl i32>::max_value`: replaced by the `MAX` associated constant on this type
socket2-0.2.3/src/sys/unix/mod.rs:909:20: warning: use of deprecated associated function `core::num::<impl isize>::max_value`: replaced by the `MAX` associated constant on this type
socket2-0.2.3/src/sys/unix/mod.rs:953:57: warning: use of deprecated associated function `core::num::<impl i64>::max_value`: replaced by the `MAX` associated constant on this type
socket2-0.2.3/src/sys/unix/mod.rs:954:31: warning: use of deprecated associated function `core::num::<impl i64>::max_value`: replaced by the `MAX` associated constant on this type
socket2-0.2.3/src/sockaddr.rs:137:17: warning: unused variable: `v4`: help: if this is intentional, prefix it with an underscore: `_v4`
socket2-0.2.3/src/sockaddr.rs:137:35: warning: unused variable: `v6`: help: if this is intentional, prefix it with an underscore: `_v6`
socket2-0.2.3/src/utils.rs:14:8: warning: associated function `from_be` is never used
socket2-0.2.3/src/utils.rs:40:11: warning: trait `Zero` is never used
socket2-0.2.3/src/sockaddr.rs:32:27: warning: the type `sockaddr_storage` does not permit being left uninitialized: this code causes undefined behavior when executed, help: use `MaybeUninit<T>` instead, and only call `assume_init` after initialization is done
url-1.5.1/idna/src/punycode.rs:18:5: warning: unused import: `std::ascii::AsciiExt`
url-1.5.1/idna/src/uts46.rs:14:5: warning: unused import: `std::ascii::AsciiExt`
url-1.5.1/idna/src/uts46.rs:361:19: warning: field `0` is never read
url-1.5.1/src/host.rs:453:30: warning: `...` range patterns are deprecated: help: use `..=` for an inclusive range
url-1.5.1/src/parser.rs:293:20: warning: `...` range patterns are deprecated: help: use `..=` for an inclusive range
url-1.5.1/src/parser.rs:293:32: warning: `...` range patterns are deprecated: help: use `..=` for an inclusive range
url-1.5.1/src/parser.rs:293:44: warning: `...` range patterns are deprecated: help: use `..=` for an inclusive range
url-1.5.1/src/parser.rs:1116:20: warning: `...` range patterns are deprecated: help: use `..=` for an inclusive range
url-1.5.1/src/parser.rs:1116:32: warning: `...` range patterns are deprecated: help: use `..=` for an inclusive range
url-1.5.1/src/parser.rs:1116:44: warning: `...` range patterns are deprecated: help: use `..=` for an inclusive range
url-1.5.1/src/parser.rs:1129:12: warning: `...` range patterns are deprecated: help: use `..=` for an inclusive range
url-1.5.1/src/parser.rs:1130:12: warning: `...` range patterns are deprecated: help: use `..=` for an inclusive range
url-1.5.1/src/parser.rs:1131:12: warning: `...` range patterns are deprecated: help: use `..=` for an inclusive range
url-1.5.1/src/parser.rs:1134:17: warning: `...` range patterns are deprecated: help: use `..=` for an inclusive range
url-1.5.1/src/parser.rs:1134:43: warning: `...` range patterns are deprecated: help: use `..=` for an inclusive range
url-1.5.1/src/parser.rs:1134:69: warning: `...` range patterns are deprecated: help: use `..=` for an inclusive range
url-1.5.1/src/parser.rs:1135:20: warning: `...` range patterns are deprecated: help: use `..=` for an inclusive range
url-1.5.1/src/parser.rs:1135:48: warning: `...` range patterns are deprecated: help: use `..=` for an inclusive range
url-1.5.1/src/parser.rs:1136:20: warning: `...` range patterns are deprecated: help: use `..=` for an inclusive range
url-1.5.1/src/parser.rs:1136:48: warning: `...` range patterns are deprecated: help: use `..=` for an inclusive range
url-1.5.1/src/parser.rs:1137:20: warning: `...` range patterns are deprecated: help: use `..=` for an inclusive range
url-1.5.1/src/parser.rs:1137:48: warning: `...` range patterns are deprecated: help: use `..=` for an inclusive range
url-1.5.1/src/parser.rs:1138:20: warning: `...` range patterns are deprecated: help: use `..=` for an inclusive range
url-1.5.1/src/parser.rs:1138:48: warning: `...` range patterns are deprecated: help: use `..=` for an inclusive range
url-1.5.1/src/parser.rs:1139:20: warning: `...` range patterns are deprecated: help: use `..=` for an inclusive range
url-1.5.1/src/parser.rs:1139:48: warning: `...` range patterns are deprecated: help: use `..=` for an inclusive range
url-1.5.1/src/parser.rs:1140:20: warning: `...` range patterns are deprecated: help: use `..=` for an inclusive range
url-1.5.1/src/parser.rs:1140:48: warning: `...` range patterns are deprecated: help: use `..=` for an inclusive range
url-1.5.1/src/parser.rs:1141:20: warning: `...` range patterns are deprecated: help: use `..=` for an inclusive range
url-1.5.1/src/parser.rs:1141:48: warning: `...` range patterns are deprecated: help: use `..=` for an inclusive range
url-1.5.1/src/parser.rs:1142:20: warning: `...` range patterns are deprecated: help: use `..=` for an inclusive range
url-1.5.1/src/parser.rs:1142:49: warning: `...` range patterns are deprecated: help: use `..=` for an inclusive range
url-1.5.1/src/parser.rs:1154:21: warning: `...` range patterns are deprecated: help: use `..=` for an inclusive range
url-1.5.1/src/parser.rs:1154:33: warning: `...` range patterns are deprecated: help: use `..=` for an inclusive range
url-1.5.1/src/form_urlencoded.rs:178:46: warning: `...` range patterns are deprecated: help: use `..=` for an inclusive range
url-1.5.1/src/form_urlencoded.rs:178:62: warning: `...` range patterns are deprecated: help: use `..=` for an inclusive range
url-1.5.1/src/form_urlencoded.rs:178:85: warning: `...` range patterns are deprecated: help: use `..=` for an inclusive range
url-1.5.1/src/lib.rs:426:47: warning: `...` range patterns are deprecated: help: use `..=` for an inclusive range
url-1.5.1/src/lib.rs:426:61: warning: `...` range patterns are deprecated: help: use `..=` for an inclusive range
url-1.5.1/src/lib.rs:428:41: warning: `...` range patterns are deprecated: help: use `..=` for an inclusive range
url-1.5.1/src/lib.rs:428:53: warning: `...` range patterns are deprecated: help: use `..=` for an inclusive range
url-1.5.1/src/lib.rs:428:65: warning: `...` range patterns are deprecated: help: use `..=` for an inclusive range
url-1.5.1/src/origin.rs:13:38: warning: use of deprecated constant `std::sync::atomic::ATOMIC_USIZE_INIT`: the `new` function is now preferred
url-1.5.1/src/origin.rs:79:39: warning: use of deprecated constant `std::sync::atomic::ATOMIC_USIZE_INIT`: the `new` function is now preferred
url-1.5.1/src/parser.rs:9:17: warning: use of deprecated trait `std::ascii::AsciiExt`: use inherent methods instead
url-1.5.1/src/parser.rs:1159:25: warning: use of deprecated constant `std::u32::MAX`: replaced by the `MAX` associated constant on this type
url-1.5.1/src/parser.rs:845:39: warning: use of deprecated constant `std::u16::MAX`: replaced by the `MAX` associated constant on this type
url-1.5.1/src/parser.rs:223:42: warning: trait objects without an explicit `dyn` are deprecated
url-1.5.1/src/lib.rs:189:38: warning: trait objects without an explicit `dyn` are deprecated
url-1.5.1/src/parser.rs:118:76: warning: trait objects without an explicit `dyn` are deprecated
url-1.5.1/src/lib.rs:213:59: warning: trait objects without an explicit `dyn` are deprecated
url-1.5.1/src/host.rs:359:20: warning: use of deprecated associated function `core::num::<impl u32>::max_value`: replaced by the `MAX` associated constant on this type
url-1.5.1/src/parser.rs:65:14: warning: use of deprecated method `std::error::Error::description`: use the Display impl or to_string()
url-1.5.1/src/parser.rs:9:5: warning: unused import: `std::ascii::AsciiExt`
url-1.5.1/src/lib.rs:1024:26: warning: hiding a lifetime that's elided elsewhere is confusing: the lifetime is elided here, the same lifetime is hidden here
url-1.5.1/src/lib.rs:1096:24: warning: hiding a lifetime that's elided elsewhere is confusing: the lifetime is elided here, the same lifetime is hidden here
url-1.5.1/src/lib.rs:1273:28: warning: hiding a lifetime that's elided elsewhere is confusing: the lifetime is elided here, the same lifetime is hidden here
url-1.5.1/src/lib.rs:1347:30: warning: hiding a lifetime that's elided elsewhere is confusing: the lifetime is elided here, the same lifetime is hidden here
url-1.5.1/src/encoding.rs:134:27: warning: ambiguous wide pointer comparison, the comparison includes metadata which may not be expected
url-1.5.1/src/path_segments.rs:45:17: warning: hiding a lifetime that's elided elsewhere is confusing: the lifetime is elided here, the same lifetime is hidden here
url-1.5.1/src/form_urlencoded.rs:30:21: warning: hiding a lifetime that's elided elsewhere is confusing: the lifetime is elided here, the same lifetime is hidden here
url-1.5.1/src/form_urlencoded.rs:115:18: warning: hiding a lifetime that's elided elsewhere is confusing: the lifetime is elided here, the same lifetime is hidden here
url-1.5.1/src/form_urlencoded.rs:124:24: warning: hiding a lifetime that's elided elsewhere is confusing: the lifetime is elided here, the same lifetime is hidden here
url-1.5.1/src/form_urlencoded.rs:165:30: warning: hiding a lifetime that's elided elsewhere is confusing: the lifetime is elided here, the same lifetime is hidden here
url-1.5.1/src/form_urlencoded.rs:270:9: warning: unused borrow that must be used: the borrow produces a value
src/crates-io/lib.rs:20:1: warning: use of deprecated method `std::error::Error::description`: use the Display impl or to_string()
src/crates-io/lib.rs:303:22: warning: trait objects without an explicit `dyn` are deprecated
src/crates-io/lib.rs:20:1: warning: use of deprecated method `std::error::Error::cause`: replaced by Error::source, which can support downcasting
src/crates-io/lib.rs:67:10: warning: non-local `impl` definition, `impl` blocks should be written at the same level as their item: `Crate` is not local, move the `impl` block outside of this constant `_IMPL_DESERIALIZE_FOR_Crate`
src/crates-io/lib.rs:74:10: warning: non-local `impl` definition, `impl` blocks should be written at the same level as their item: `NewCrate` is not local, `Serialize` is not local, move the `impl` block outside of this constant `_IMPL_SERIALIZE_FOR_NewCrate`
src/crates-io/lib.rs:93:10: warning: non-local `impl` definition, `impl` blocks should be written at the same level as their item: `NewCrateDependency` is not local, `Serialize` is not local, move the `impl` block outside of this constant `_IMPL_SERIALIZE_FOR_NewCrateDependency`
src/crates-io/lib.rs:104:10: warning: non-local `impl` definition, `impl` blocks should be written at the same level as their item: `User` is not local, move the `impl` block outside of this constant `_IMPL_DESERIALIZE_FOR_User`
src/crates-io/lib.rs:118:10: warning: non-local `impl` definition, `impl` blocks should be written at the same level as their item: `R` is not local, move the `impl` block outside of this constant `_IMPL_DESERIALIZE_FOR_R`
src/crates-io/lib.rs:119:10: warning: non-local `impl` definition, `impl` blocks should be written at the same level as their item: `OwnerResponse` is not local, move the `impl` block outside of this constant `_IMPL_DESERIALIZE_FOR_OwnerResponse`
src/crates-io/lib.rs:120:10: warning: non-local `impl` definition, `impl` blocks should be written at the same level as their item: `ApiErrorList` is not local, move the `impl` block outside of this constant `_IMPL_DESERIALIZE_FOR_ApiErrorList`
src/crates-io/lib.rs:121:10: warning: non-local `impl` definition, `impl` blocks should be written at the same level as their item: `ApiError` is not local, move the `impl` block outside of this constant `_IMPL_DESERIALIZE_FOR_ApiError`
src/crates-io/lib.rs:122:10: warning: non-local `impl` definition, `impl` blocks should be written at the same level as their item: `Serialize` is not local, move the `impl` block outside of this constant `_IMPL_SERIALIZE_FOR_OwnersReq`
src/crates-io/lib.rs:123:10: warning: non-local `impl` definition, `impl` blocks should be written at the same level as their item: `Users` is not local, move the `impl` block outside of this constant `_IMPL_DESERIALIZE_FOR_Users`
src/crates-io/lib.rs:124:10: warning: non-local `impl` definition, `impl` blocks should be written at the same level as their item: `TotalCrates` is not local, move the `impl` block outside of this constant `_IMPL_DESERIALIZE_FOR_TotalCrates`
src/crates-io/lib.rs:125:10: warning: non-local `impl` definition, `impl` blocks should be written at the same level as their item: `Crates` is not local, move the `impl` block outside of this constant `_IMPL_DESERIALIZE_FOR_Crates`
src/cargo/core/workspace.rs:295:10: warning: unnecessary trailing semicolon: help: remove this semicolon
src/cargo/core/features.rs:104:1: warning: unused doc comment
src/cargo/ops/cargo_test.rs:126:52: warning: unnecessary parentheses around method argument
src/cargo/sources/git/utils.rs:657:19: warning: trailing semicolon in macro used in expression position
src/cargo/core/source.rs:7:37: warning: use of deprecated constant `std::sync::atomic::ATOMIC_BOOL_INIT`: the `new` function is now preferred
src/cargo/core/source.rs:238:41: warning: use of deprecated constant `std::sync::atomic::ATOMIC_BOOL_INIT`: the `new` function is now preferred
src/cargo/util/config.rs:13:23: warning: use of deprecated constant `std::sync::ONCE_INIT`: the `Once::new()` function is now preferred
src/cargo/util/config.rs:70:29: warning: use of deprecated constant `std::sync::ONCE_INIT`: the `Once::new()` function is now preferred
src/cargo/util/errors.rs:21:1: warning: use of deprecated method `std::error::Error::description`: use the Display impl or to_string()
src/cargo/core/source.rs:552:32: warning: trait objects without an explicit `dyn` are deprecated
src/cargo/core/source.rs:560:38: warning: trait objects without an explicit `dyn` are deprecated
src/cargo/core/shell.rs:45:15: warning: trait objects without an explicit `dyn` are deprecated
src/cargo/ops/cargo_rustc/job.rs:11:16: warning: trait objects without an explicit `dyn` are deprecated
src/cargo/sources/registry/mod.rs:187:14: warning: trait objects without an explicit `dyn` are deprecated
src/cargo/sources/replaced.rs:7:16: warning: trait objects without an explicit `dyn` are deprecated
src/cargo/ops/cargo_install.rs:326:37: warning: trait objects without an explicit `dyn` are deprecated
src/cargo/ops/cargo_install.rs:327:51: warning: trait objects without an explicit `dyn` are deprecated
src/cargo/ops/cargo_rustc/mod.rs:141:48: warning: trait objects without an explicit `dyn` are deprecated
src/cargo/ops/cargo_rustc/mod.rs:256:36: warning: trait objects without an explicit `dyn` are deprecated
src/cargo/core/registry.rs:19:22: warning: trait objects without an explicit `dyn` are deprecated
src/cargo/ops/cargo_rustc/mod.rs:111:38: warning: trait objects without an explicit `dyn` are deprecated
src/cargo/ops/cargo_rustc/mod.rs:112:38: warning: trait objects without an explicit `dyn` are deprecated
src/cargo/sources/registry/mod.rs:234:24: warning: trait objects without an explicit `dyn` are deprecated
src/cargo/core/source.rs:575:50: warning: trait objects without an explicit `dyn` are deprecated
src/cargo/core/source.rs:585:62: warning: trait objects without an explicit `dyn` are deprecated
src/cargo/core/source.rs:594:69: warning: trait objects without an explicit `dyn` are deprecated
src/cargo/core/source.rs:599:42: warning: trait objects without an explicit `dyn` are deprecated
src/cargo/core/source.rs:556:55: warning: trait objects without an explicit `dyn` are deprecated
src/cargo/core/source.rs:627:58: warning: trait objects without an explicit `dyn` are deprecated
src/cargo/core/package.rs:194:45: warning: trait objects without an explicit `dyn` are deprecated
src/cargo/core/resolver/mod.rs:999:34: warning: trait objects without an explicit `dyn` are deprecated
src/cargo/core/resolver/mod.rs:1035:29: warning: trait objects without an explicit `dyn` are deprecated
src/cargo/core/registry.rs:39:22: warning: trait objects without an explicit `dyn` are deprecated
src/cargo/core/registry.rs:164:49: warning: trait objects without an explicit `dyn` are deprecated
src/cargo/core/registry.rs:168:42: warning: trait objects without an explicit `dyn` are deprecated
src/cargo/core/registry.rs:174:48: warning: trait objects without an explicit `dyn` are deprecated
src/cargo/core/registry.rs:322:22: warning: trait objects without an explicit `dyn` are deprecated
src/cargo/sources/config.rs:72:58: warning: trait objects without an explicit `dyn` are deprecated
src/cargo/sources/directory.rs:51:22: warning: trait objects without an explicit `dyn` are deprecated
src/cargo/sources/git/source.rs:128:22: warning: trait objects without an explicit `dyn` are deprecated
src/cargo/sources/path.rs:258:49: warning: trait objects without an explicit `dyn` are deprecated
src/cargo/sources/path.rs:299:36: warning: trait objects without an explicit `dyn` are deprecated
src/cargo/sources/path.rs:419:59: warning: trait objects without an explicit `dyn` are deprecated
src/cargo/sources/path.rs:427:41: warning: trait objects without an explicit `dyn` are deprecated
src/cargo/sources/path.rs:477:22: warning: trait objects without an explicit `dyn` are deprecated
src/cargo/sources/registry/index.rs:42:28: warning: trait objects without an explicit `dyn` are deprecated
src/cargo/sources/registry/index.rs:62:33: warning: trait objects without an explicit `dyn` are deprecated
src/cargo/sources/registry/index.rs:74:34: warning: trait objects without an explicit `dyn` are deprecated
src/cargo/sources/registry/index.rs:161:29: warning: trait objects without an explicit `dyn` are deprecated
src/cargo/sources/registry/index.rs:162:26: warning: trait objects without an explicit `dyn` are deprecated
src/cargo/sources/registry/remote.rs:126:24: warning: trait objects without an explicit `dyn` are deprecated
src/cargo/sources/registry/local.rs:41:24: warning: trait objects without an explicit `dyn` are deprecated
src/cargo/sources/registry/mod.rs:271:21: warning: trait objects without an explicit `dyn` are deprecated
src/cargo/sources/registry/mod.rs:359:22: warning: trait objects without an explicit `dyn` are deprecated
src/cargo/sources/replaced.rs:13:25: warning: trait objects without an explicit `dyn` are deprecated
src/cargo/sources/replaced.rs:25:22: warning: trait objects without an explicit `dyn` are deprecated
src/cargo/core/source.rs:626:41: warning: trait objects without an explicit `dyn` are deprecated
src/cargo/core/resolver/mod.rs:365:31: warning: trait objects without an explicit `dyn` are deprecated
src/cargo/core/resolver/mod.rs:420:28: warning: trait objects without an explicit `dyn` are deprecated
src/cargo/core/resolver/mod.rs:583:42: warning: trait objects without an explicit `dyn` are deprecated
src/cargo/core/resolver/mod.rs:745:36: warning: trait objects without an explicit `dyn` are deprecated
src/cargo/ops/cargo_compile.rs:188:40: warning: trait objects without an explicit `dyn` are deprecated
src/cargo/ops/cargo_compile.rs:206:42: warning: trait objects without an explicit `dyn` are deprecated
src/cargo/ops/cargo_compile.rs:208:33: warning: trait objects without an explicit `dyn` are deprecated
src/cargo/ops/cargo_read_manifest.rs:74:37: warning: trait objects without an explicit `dyn` are deprecated
src/cargo/ops/cargo_rustc/mod.rs:303:30: warning: trait objects without an explicit `dyn` are deprecated
src/cargo/ops/resolve.rs:26:52: warning: trait objects without an explicit `dyn` are deprecated
src/cargo/util/errors.rs:177:32: warning: trait objects without an explicit `dyn` are deprecated
src/cargo/util/errors.rs:286:22: warning: trait objects without an explicit `dyn` are deprecated
src/cargo/util/network.rs:19:35: warning: trait objects without an explicit `dyn` are deprecated
src/cargo/util/network.rs:19:47: warning: trait objects without an explicit `dyn` are deprecated
src/cargo/util/toml/targets.rs:320:53: warning: trait objects without an explicit `dyn` are deprecated
src/cargo/util/toml/targets.rs:469:34: warning: trait objects without an explicit `dyn` are deprecated
src/cargo/util/flock.rs:254:18: warning: trait objects without an explicit `dyn` are deprecated
src/cargo/util/flock.rs:255:20: warning: trait objects without an explicit `dyn` are deprecated
src/cargo/util/read2.rs:14:29: warning: trait objects without an explicit `dyn` are deprecated
src/cargo/lib.rs:186:35: warning: trait objects without an explicit `dyn` are deprecated
src/cargo/lib.rs:186:47: warning: trait objects without an explicit `dyn` are deprecated
src/cargo/core/source.rs:277:67: warning: trait objects without an explicit `dyn` are deprecated
src/cargo/core/shell.rs:75:32: warning: trait objects without an explicit `dyn` are deprecated
src/cargo/core/shell.rs:85:23: warning: trait objects without an explicit `dyn` are deprecated
src/cargo/core/shell.rs:86:24: warning: trait objects without an explicit `dyn` are deprecated
src/cargo/core/shell.rs:98:35: warning: trait objects without an explicit `dyn` are deprecated
src/cargo/core/shell.rs:197:23: warning: trait objects without an explicit `dyn` are deprecated
src/cargo/core/shell.rs:198:24: warning: trait objects without an explicit `dyn` are deprecated
src/cargo/core/shell.rs:228:36: warning: trait objects without an explicit `dyn` are deprecated
src/cargo/util/process_builder.rs:194:53: warning: trait objects without an explicit `dyn` are deprecated
src/cargo/util/process_builder.rs:195:53: warning: trait objects without an explicit `dyn` are deprecated
src/cargo/core/source.rs:579:22: warning: trait objects without an explicit `dyn` are deprecated
src/cargo/core/source.rs:587:26: warning: trait objects without an explicit `dyn` are deprecated
src/bin/cargo.rs:87:28: warning: use of deprecated macro `try`: use the `?` operator instead
src/cargo/ops/cargo_compile.rs:672:47: warning: use of deprecated associated function `core::num::<impl u32>::max_value`: replaced by the `MAX` associated constant on this type
src/cargo/ops/cargo_rustc/custom_build.rs:362:45: warning: use of deprecated method `core::str::<impl str>::trim_right`: superseded by `trim_end`
src/cargo/util/errors.rs:21:1: warning: use of deprecated method `std::error::Error::cause`: replaced by Error::source, which can support downcasting
src/cargo/util/errors.rs:21:1: warning: unreachable call: unreachable call, any code following this expression is unreachable
src/cargo/util/errors.rs:173:39: warning: use of deprecated method `std::error::Error::description`: use the Display impl or to_string()
src/cargo/util/errors.rs:178:44: warning: use of deprecated method `std::error::Error::cause`: replaced by Error::source, which can support downcasting
src/cargo/util/errors.rs:187:18: warning: use of deprecated method `std::error::Error::description`: use the Display impl or to_string()
src/cargo/util/network.rs:20:32: warning: trait objects without an explicit `dyn` are deprecated
src/cargo/util/network.rs:20:40: warning: trait objects without an explicit `dyn` are deprecated
src/cargo/lib.rs:187:32: warning: trait objects without an explicit `dyn` are deprecated
src/cargo/lib.rs:187:40: warning: trait objects without an explicit `dyn` are deprecated
src/bin/cargo.rs:21:10: warning: non-local `impl` definition, `impl` blocks should be written at the same level as their item: `Flags` is not local, move the `impl` block outside of this constant `_IMPL_DESERIALIZE_FOR_Flags`
src/bin/bench.rs:8:10: warning: non-local `impl` definition, `impl` blocks should be written at the same level as their item: `Options` is not local, move the `impl` block outside of this constant `_IMPL_DESERIALIZE_FOR_Options`
src/bin/build.rs:8:10: warning: non-local `impl` definition, `impl` blocks should be written at the same level as their item: `Options` is not local, move the `impl` block outside of this constant `_IMPL_DESERIALIZE_FOR_Options`
src/bin/check.rs:58:10: warning: non-local `impl` definition, `impl` blocks should be written at the same level as their item: `Options` is not local, move the `impl` block outside of this constant `_IMPL_DESERIALIZE_FOR_Options`
src/bin/clean.rs:8:10: warning: non-local `impl` definition, `impl` blocks should be written at the same level as their item: `Options` is not local, move the `impl` block outside of this constant `_IMPL_DESERIALIZE_FOR_Options`
src/bin/doc.rs:8:10: warning: non-local `impl` definition, `impl` blocks should be written at the same level as their item: `Options` is not local, move the `impl` block outside of this constant `_IMPL_DESERIALIZE_FOR_Options`
src/bin/fetch.rs:6:10: warning: non-local `impl` definition, `impl` blocks should be written at the same level as their item: `Options` is not local, move the `impl` block outside of this constant `_IMPL_DESERIALIZE_FOR_Options`
src/bin/generate_lockfile.rs:8:10: warning: non-local `impl` definition, `impl` blocks should be written at the same level as their item: `Options` is not local, move the `impl` block outside of this constant `_IMPL_DESERIALIZE_FOR_Options`
src/bin/git_checkout.rs:5:10: warning: non-local `impl` definition, `impl` blocks should be written at the same level as their item: `Options` is not local, move the `impl` block outside of this constant `_IMPL_DESERIALIZE_FOR_Options`
src/bin/help.rs:3:10: warning: non-local `impl` definition, `impl` blocks should be written at the same level as their item: `Options` is not local, move the `impl` block outside of this constant `_IMPL_DESERIALIZE_FOR_Options`
src/bin/init.rs:6:10: warning: non-local `impl` definition, `impl` blocks should be written at the same level as their item: `Options` is not local, move the `impl` block outside of this constant `_IMPL_DESERIALIZE_FOR_Options`
src/bin/install.rs:5:10: warning: non-local `impl` definition, `impl` blocks should be written at the same level as their item: `Options` is not local, move the `impl` block outside of this constant `_IMPL_DESERIALIZE_FOR_Options`
src/bin/locate_project.rs:5:10: warning: non-local `impl` definition, `impl` blocks should be written at the same level as their item: `LocateProjectFlags` is not local, move the `impl` block outside of this constant `_IMPL_DESERIALIZE_FOR_LocateProjectFlags`
src/bin/locate_project.rs:21:10: warning: non-local `impl` definition, `impl` blocks should be written at the same level as their item: `ProjectLocation` is not local, `Serialize` is not local, move the `impl` block outside of this constant `_IMPL_SERIALIZE_FOR_ProjectLocation`
src/bin/login.rs:9:10: warning: non-local `impl` definition, `impl` blocks should be written at the same level as their item: `Options` is not local, move the `impl` block outside of this constant `_IMPL_DESERIALIZE_FOR_Options`
src/bin/metadata.rs:7:10: warning: non-local `impl` definition, `impl` blocks should be written at the same level as their item: `Options` is not local, move the `impl` block outside of this constant `_IMPL_DESERIALIZE_FOR_Options`
src/bin/new.rs:6:10: warning: non-local `impl` definition, `impl` blocks should be written at the same level as their item: `Options` is not local, move the `impl` block outside of this constant `_IMPL_DESERIALIZE_FOR_Options`
src/bin/owner.rs:4:10: warning: non-local `impl` definition, `impl` blocks should be written at the same level as their item: `Options` is not local, move the `impl` block outside of this constant `_IMPL_DESERIALIZE_FOR_Options`
src/bin/package.rs:6:10: warning: non-local `impl` definition, `impl` blocks should be written at the same level as their item: `Options` is not local, move the `impl` block outside of this constant `_IMPL_DESERIALIZE_FOR_Options`
src/bin/pkgid.rs:6:10: warning: non-local `impl` definition, `impl` blocks should be written at the same level as their item: `Options` is not local, move the `impl` block outside of this constant `_IMPL_DESERIALIZE_FOR_Options`
src/bin/publish.rs:6:10: warning: non-local `impl` definition, `impl` blocks should be written at the same level as their item: `Options` is not local, move the `impl` block outside of this constant `_IMPL_DESERIALIZE_FOR_Options`
src/bin/read_manifest.rs:8:10: warning: non-local `impl` definition, `impl` blocks should be written at the same level as their item: `Options` is not local, move the `impl` block outside of this constant `_IMPL_DESERIALIZE_FOR_Options`
src/bin/run.rs:8:10: warning: non-local `impl` definition, `impl` blocks should be written at the same level as their item: `Options` is not local, move the `impl` block outside of this constant `_IMPL_DESERIALIZE_FOR_Options`
src/bin/rustc.rs:8:10: warning: non-local `impl` definition, `impl` blocks should be written at the same level as their item: `Options` is not local, move the `impl` block outside of this constant `_IMPL_DESERIALIZE_FOR_Options`
src/bin/rustdoc.rs:6:10: warning: non-local `impl` definition, `impl` blocks should be written at the same level as their item: `Options` is not local, move the `impl` block outside of this constant `_IMPL_DESERIALIZE_FOR_Options`
src/bin/search.rs:6:10: warning: non-local `impl` definition, `impl` blocks should be written at the same level as their item: `Options` is not local, move the `impl` block outside of this constant `_IMPL_DESERIALIZE_FOR_Options`
src/bin/test.rs:8:10: warning: non-local `impl` definition, `impl` blocks should be written at the same level as their item: `Options` is not local, move the `impl` block outside of this constant `_IMPL_DESERIALIZE_FOR_Options`
src/bin/uninstall.rs:4:10: warning: non-local `impl` definition, `impl` blocks should be written at the same level as their item: `Options` is not local, move the `impl` block outside of this constant `_IMPL_DESERIALIZE_FOR_Options`
src/bin/update.rs:8:10: warning: non-local `impl` definition, `impl` blocks should be written at the same level as their item: `Options` is not local, move the `impl` block outside of this constant `_IMPL_DESERIALIZE_FOR_Options`
src/bin/verify_project.rs:12:10: warning: non-local `impl` definition, `impl` blocks should be written at the same level as their item: `Flags` is not local, move the `impl` block outside of this constant `_IMPL_DESERIALIZE_FOR_Flags`
src/bin/version.rs:6:10: warning: non-local `impl` definition, `impl` blocks should be written at the same level as their item: `Options` is not local, move the `impl` block outside of this constant `_IMPL_DESERIALIZE_FOR_Options`
src/bin/yank.rs:4:10: warning: non-local `impl` definition, `impl` blocks should be written at the same level as their item: `Options` is not local, move the `impl` block outside of this constant `_IMPL_DESERIALIZE_FOR_Options`
src/cargo/util/lazy_cell.rs:59:9: warning: unnecessary `unsafe` block: unnecessary `unsafe` block
src/cargo/core/source.rs:197:19: warning: hiding a lifetime that's elided elsewhere is confusing: the lifetime is elided here, the same lifetime is hidden here
src/cargo/core/source.rs:526:23: warning: hiding a lifetime that's elided elsewhere is confusing: the lifetime is elided here, the same lifetime is hidden here
src/cargo/core/package.rs:30:10: warning: non-local `impl` definition, `impl` blocks should be written at the same level as their item: `Serialize` is not local, move the `impl` block outside of this constant `_IMPL_SERIALIZE_FOR_SerializedPackage`
src/cargo/core/package.rs:216:20: warning: hiding a lifetime that's elided elsewhere is confusing: the lifetime is elided here, the same lifetime is hidden here
src/cargo/core/dependency.rs:45:10: warning: non-local `impl` definition, `impl` blocks should be written at the same level as their item: `Serialize` is not local, move the `impl` block outside of this constant `_IMPL_SERIALIZE_FOR_SerializedDependency`
src/cargo/core/manifest.rs:154:45: warning: non-local `impl` definition, `impl` blocks should be written at the same level as their item: `Profile` is not local, `Serialize` is not local, move the `impl` block outside of this constant `_IMPL_SERIALIZE_FOR_Profile`
src/cargo/core/manifest.rs:211:10: warning: non-local `impl` definition, `impl` blocks should be written at the same level as their item: `Serialize` is not local, move the `impl` block outside of this constant `_IMPL_SERIALIZE_FOR_SerializedTarget`
src/cargo/core/resolver/mod.rs:228:17: warning: hiding a lifetime that's elided elsewhere is confusing: the lifetime is elided here, the same lifetime is hidden here
src/cargo/core/resolver/mod.rs:232:17: warning: hiding a lifetime that's elided elsewhere is confusing: the lifetime is elided here, the same lifetime is hidden here
src/cargo/core/resolver/mod.rs:236:30: warning: hiding a lifetime that's elided elsewhere is confusing: the lifetime is elided here, the same lifetime is hidden here
src/cargo/core/resolver/encode.rs:14:10: warning: non-local `impl` definition, `impl` blocks should be written at the same level as their item: `EncodableResolve` is not local, `Serialize` is not local, move the `impl` block outside of this constant `_IMPL_SERIALIZE_FOR_EncodableResolve`
src/cargo/core/resolver/encode.rs:14:21: warning: non-local `impl` definition, `impl` blocks should be written at the same level as their item: `EncodableResolve` is not local, move the `impl` block outside of this constant `_IMPL_DESERIALIZE_FOR_EncodableResolve`
src/cargo/core/resolver/encode.rs:25:10: warning: non-local `impl` definition, `impl` blocks should be written at the same level as their item: `Patch` is not local, `Serialize` is not local, move the `impl` block outside of this constant `_IMPL_SERIALIZE_FOR_Patch`
src/cargo/core/resolver/encode.rs:25:21: warning: non-local `impl` definition, `impl` blocks should be written at the same level as their item: `Patch` is not local, move the `impl` block outside of this constant `_IMPL_DESERIALIZE_FOR_Patch`
src/cargo/core/resolver/encode.rs:258:10: warning: non-local `impl` definition, `impl` blocks should be written at the same level as their item: `EncodableDependency` is not local, `Serialize` is not local, move the `impl` block outside of this constant `_IMPL_SERIALIZE_FOR_EncodableDependency`
src/cargo/core/resolver/encode.rs:258:21: warning: non-local `impl` definition, `impl` blocks should be written at the same level as their item: `EncodableDependency` is not local, move the `impl` block outside of this constant `_IMPL_DESERIALIZE_FOR_EncodableDependency`
src/cargo/ops/cargo_compile.rs:101:45: warning: non-local `impl` definition, `impl` blocks should be written at the same level as their item: `MessageFormat` is not local, move the `impl` block outside of this constant `_IMPL_DESERIALIZE_FOR_MessageFormat`
src/cargo/ops/cargo_install.rs:21:10: warning: non-local `impl` definition, `impl` blocks should be written at the same level as their item: `CrateListing` is not local, move the `impl` block outside of this constant `_IMPL_DESERIALIZE_FOR_CrateListing`
src/cargo/ops/cargo_install.rs:21:23: warning: non-local `impl` definition, `impl` blocks should be written at the same level as their item: `CrateListing` is not local, `Serialize` is not local, move the `impl` block outside of this constant `_IMPL_SERIALIZE_FOR_CrateListing`
src/cargo/ops/cargo_install.rs:28:10: warning: non-local `impl` definition, `impl` blocks should be written at the same level as their item: `Empty` is not local, move the `impl` block outside of this constant `_IMPL_DESERIALIZE_FOR_Empty`
src/cargo/ops/cargo_install.rs:28:23: warning: non-local `impl` definition, `impl` blocks should be written at the same level as their item: `Empty` is not local, `Serialize` is not local, move the `impl` block outside of this constant `_IMPL_SERIALIZE_FOR_Empty`
src/cargo/ops/cargo_install.rs:32:10: warning: non-local `impl` definition, `impl` blocks should be written at the same level as their item: `CrateListingV1` is not local, move the `impl` block outside of this constant `_IMPL_DESERIALIZE_FOR_CrateListingV1`
src/cargo/ops/cargo_install.rs:32:23: warning: non-local `impl` definition, `impl` blocks should be written at the same level as their item: `CrateListingV1` is not local, `Serialize` is not local, move the `impl` block outside of this constant `_IMPL_SERIALIZE_FOR_CrateListingV1`
src/cargo/ops/cargo_output_metadata.rs:72:10: warning: non-local `impl` definition, `impl` blocks should be written at the same level as their item: `ExportInfo` is not local, `Serialize` is not local, move the `impl` block outside of this constant `_IMPL_SERIALIZE_FOR_ExportInfo`
src/cargo/ops/cargo_output_metadata.rs:84:10: warning: non-local `impl` definition, `impl` blocks should be written at the same level as their item: `MetadataResolve` is not local, `Serialize` is not local, move the `impl` block outside of this constant `_IMPL_SERIALIZE_FOR_MetadataResolve`
src/cargo/ops/cargo_output_metadata.rs:94:14: warning: non-local `impl` definition, `impl` blocks should be written at the same level as their item: `Serialize` is not local, move the `impl` block outside of this constant `_IMPL_SERIALIZE_FOR_Node` and up 2 bodies
src/cargo/ops/cargo_rustc/fingerprint.rs:136:10: warning: non-local `impl` definition, `impl` blocks should be written at the same level as their item: `Fingerprint` is not local, `Serialize` is not local, move the `impl` block outside of this constant `_IMPL_SERIALIZE_FOR_Fingerprint`
src/cargo/ops/cargo_rustc/fingerprint.rs:136:21: warning: non-local `impl` definition, `impl` blocks should be written at the same level as their item: `Fingerprint` is not local, move the `impl` block outside of this constant `_IMPL_DESERIALIZE_FOR_Fingerprint`
src/cargo/ops/cargo_rustc/fingerprint.rs:177:10: warning: non-local `impl` definition, `impl` blocks should be written at the same level as their item: `LocalFingerprint` is not local, `Serialize` is not local, move the `impl` block outside of this constant `_IMPL_SERIALIZE_FOR_LocalFingerprint`
src/cargo/ops/cargo_rustc/fingerprint.rs:177:21: warning: non-local `impl` definition, `impl` blocks should be written at the same level as their item: `LocalFingerprint` is not local, move the `impl` block outside of this constant `_IMPL_DESERIALIZE_FOR_LocalFingerprint`
src/cargo/sources/directory.rs:24:10: warning: non-local `impl` definition, `impl` blocks should be written at the same level as their item: `Checksum` is not local, move the `impl` block outside of this constant `_IMPL_DESERIALIZE_FOR_Checksum`
src/cargo/sources/git/utils.rs:49:35: warning: non-local `impl` definition, `impl` blocks should be written at the same level as their item: `GitRemote` is not local, `Serialize` is not local, move the `impl` block outside of this constant `_IMPL_SERIALIZE_FOR_GitRemote`
src/cargo/sources/git/utils.rs:57:10: warning: non-local `impl` definition, `impl` blocks should be written at the same level as their item: `GitDatabase` is not local, `Serialize` is not local, move the `impl` block outside of this constant `_IMPL_SERIALIZE_FOR_GitDatabase`
src/cargo/sources/git/utils.rs:68:10: warning: non-local `impl` definition, `impl` blocks should be written at the same level as their item: `Serialize` is not local, move the `impl` block outside of this constant `_IMPL_SERIALIZE_FOR_GitCheckout`
src/cargo/sources/git/utils.rs:147:20: warning: hiding a lifetime that's elided elsewhere is confusing: the lifetime is elided here, the same lifetime is hidden here
src/cargo/sources/git/utils.rs:653:17: warning: unused return value of `std::mem::replace` that must be used
src/cargo/sources/git/utils.rs:668:5: warning: unused return value of `std::mem::replace` that must be used
src/cargo/sources/git/utils.rs:678:9: warning: unused return value of `std::mem::replace` that must be used
src/cargo/sources/git/utils.rs:680:9: warning: unused return value of `std::mem::replace` that must be used
src/cargo/sources/registry/mod.rs:192:10: warning: non-local `impl` definition, `impl` blocks should be written at the same level as their item: `RegistryConfig` is not local, move the `impl` block outside of this constant `_IMPL_DESERIALIZE_FOR_RegistryConfig`
src/cargo/sources/registry/mod.rs:204:10: warning: non-local `impl` definition, `impl` blocks should be written at the same level as their item: move the `impl` block outside of this constant `_IMPL_DESERIALIZE_FOR_RegistryPackage`
src/cargo/sources/registry/mod.rs:218:10: warning: non-local `impl` definition, `impl` blocks should be written at the same level as their item: move the `impl` block outside of this constant `_IMPL_DESERIALIZE_FOR_RegistryDependency`
src/cargo/sources/registry/remote.rs:87:13: warning: hiding a lifetime that's elided elsewhere is confusing: the lifetime is elided here, the same lifetime is hidden here, the same lifetime is hidden here
src/cargo/util/config.rs:139:18: warning: hiding a lifetime that's elided elsewhere is confusing: the lifetime is elided here, the same lifetime is hidden here
src/cargo/util/config.rs:588:29: warning: non-local `impl` definition, `impl` blocks should be written at the same level as their item: `ConfigValue` is not local, move the `impl` block outside of this constant `_IMPL_DESERIALIZE_FOR_ConfigValue`
src/cargo/util/graph.rs:37:18: warning: hiding a lifetime that's elided elsewhere is confusing: the lifetime is elided here, the same lifetime is hidden here
src/cargo/util/graph.rs:67:17: warning: hiding a lifetime that's elided elsewhere is confusing: the lifetime is elided here, the same lifetime is hidden here
src/cargo/util/machine_message.rs:16:10: warning: non-local `impl` definition, `impl` blocks should be written at the same level as their item: `Serialize` is not local, move the `impl` block outside of this constant `_IMPL_SERIALIZE_FOR_FromCompiler`
src/cargo/util/machine_message.rs:29:10: warning: non-local `impl` definition, `impl` blocks should be written at the same level as their item: `Serialize` is not local, move the `impl` block outside of this constant `_IMPL_SERIALIZE_FOR_Artifact`
src/cargo/util/machine_message.rs:45:10: warning: non-local `impl` definition, `impl` blocks should be written at the same level as their item: `Serialize` is not local, move the `impl` block outside of this constant `_IMPL_SERIALIZE_FOR_BuildScript`
src/cargo/util/paths.rs:146:24: warning: hiding a lifetime that's elided elsewhere is confusing: the lifetime is elided here, the same lifetime is hidden here
src/cargo/util/paths.rs:156:18: warning: hiding a lifetime that's elided elsewhere is confusing: the lifetime is elided here, the same lifetime is hidden here
src/cargo/util/toml/mod.rs:145:17: warning: non-local `impl` definition, `impl` blocks should be written at the same level as their item: `TomlDependency` is not local, `Serialize` is not local, move the `impl` block outside of this constant `_IMPL_SERIALIZE_FOR_TomlDependency`
src/cargo/util/toml/mod.rs:184:10: warning: non-local `impl` definition, `impl` blocks should be written at the same level as their item: `DetailedTomlDependency` is not local, move the `impl` block outside of this constant `_IMPL_DESERIALIZE_FOR_DetailedTomlDependency`
src/cargo/util/toml/mod.rs:184:23: warning: non-local `impl` definition, `impl` blocks should be written at the same level as their item: `DetailedTomlDependency` is not local, `Serialize` is not local, move the `impl` block outside of this constant `_IMPL_SERIALIZE_FOR_DetailedTomlDependency`
src/cargo/util/toml/mod.rs:200:17: warning: non-local `impl` definition, `impl` blocks should be written at the same level as their item: `TomlManifest` is not local, move the `impl` block outside of this constant `_IMPL_DESERIALIZE_FOR_TomlManifest`
src/cargo/util/toml/mod.rs:200:30: warning: non-local `impl` definition, `impl` blocks should be written at the same level as their item: `TomlManifest` is not local, `Serialize` is not local, move the `impl` block outside of this constant `_IMPL_SERIALIZE_FOR_TomlManifest`
src/cargo/util/toml/mod.rs:229:10: warning: non-local `impl` definition, `impl` blocks should be written at the same level as their item: `TomlProfiles` is not local, move the `impl` block outside of this constant `_IMPL_DESERIALIZE_FOR_TomlProfiles`
src/cargo/util/toml/mod.rs:229:23: warning: non-local `impl` definition, `impl` blocks should be written at the same level as their item: `TomlProfiles` is not local, `Serialize` is not local, move the `impl` block outside of this constant `_IMPL_SERIALIZE_FOR_TomlProfiles`
src/cargo/util/toml/mod.rs:287:24: warning: non-local `impl` definition, `impl` blocks should be written at the same level as their item: `U32OrBool` is not local, `Serialize` is not local, move the `impl` block outside of this constant `_IMPL_SERIALIZE_FOR_U32OrBool`
src/cargo/util/toml/mod.rs:330:10: warning: non-local `impl` definition, `impl` blocks should be written at the same level as their item: `TomlProfile` is not local, move the `impl` block outside of this constant `_IMPL_DESERIALIZE_FOR_TomlProfile`
src/cargo/util/toml/mod.rs:330:23: warning: non-local `impl` definition, `impl` blocks should be written at the same level as their item: `TomlProfile` is not local, `Serialize` is not local, move the `impl` block outside of this constant `_IMPL_SERIALIZE_FOR_TomlProfile`
src/cargo/util/toml/mod.rs:346:24: warning: non-local `impl` definition, `impl` blocks should be written at the same level as their item: `StringOrBool` is not local, `Serialize` is not local, move the `impl` block outside of this constant `_IMPL_SERIALIZE_FOR_StringOrBool`
src/cargo/util/toml/mod.rs:383:10: warning: non-local `impl` definition, `impl` blocks should be written at the same level as their item: `TomlProject` is not local, move the `impl` block outside of this constant `_IMPL_DESERIALIZE_FOR_TomlProject`
src/cargo/util/toml/mod.rs:383:23: warning: non-local `impl` definition, `impl` blocks should be written at the same level as their item: `TomlProject` is not local, `Serialize` is not local, move the `impl` block outside of this constant `_IMPL_SERIALIZE_FOR_TomlProject`
src/cargo/util/toml/mod.rs:411:17: warning: non-local `impl` definition, `impl` blocks should be written at the same level as their item: `TomlWorkspace` is not local, move the `impl` block outside of this constant `_IMPL_DESERIALIZE_FOR_TomlWorkspace`
src/cargo/util/toml/mod.rs:411:30: warning: non-local `impl` definition, `impl` blocks should be written at the same level as their item: `TomlWorkspace` is not local, `Serialize` is not local, move the `impl` block outside of this constant `_IMPL_SERIALIZE_FOR_TomlWorkspace`
src/cargo/util/toml/mod.rs:938:19: warning: non-local `impl` definition, `impl` blocks should be written at the same level as their item: `TomlTarget` is not local, `Serialize` is not local, move the `impl` block outside of this constant `_IMPL_SERIALIZE_FOR_TomlTarget`
src/cargo/util/toml/mod.rs:938:30: warning: non-local `impl` definition, `impl` blocks should be written at the same level as their item: `TomlTarget` is not local, move the `impl` block outside of this constant `_IMPL_DESERIALIZE_FOR_TomlTarget`
src/cargo/util/toml/mod.rs:984:10: warning: non-local `impl` definition, `impl` blocks should be written at the same level as their item: `TomlPlatform` is not local, `Serialize` is not local, move the `impl` block outside of this constant `_IMPL_SERIALIZE_FOR_TomlPlatform`
src/cargo/util/toml/mod.rs:984:21: warning: non-local `impl` definition, `impl` blocks should be written at the same level as their item: `TomlPlatform` is not local, move the `impl` block outside of this constant `_IMPL_DESERIALIZE_FOR_TomlPlatform`
src/cargo/util/flock.rs:148:20: warning: hiding a lifetime that's elided elsewhere is confusing: the lifetime is elided here, the same lifetime is hidden here
